stack-2g-x-la: 52 of 54 rows changed
stack-2g-y-la: 48 of 48 rows changed
stack-2g-z-la: 51 of 54 rows changed
stack-2g-turn-la: 40 of 40 rows changed
stack-2g-test-la: 74 of 78 rows changed
stack-2g-test-r2-la: 76 of 78 rows changed
stack-2g-test-r3-la: 75 of 78 rows changed
stack-2g-test-low-la: 53 of 60 rows changed
stack-2g-x-blur-la: 53 of 54 rows changed
stack-2g-y-blur-la: 48 of 48 rows changed
stack-2g-z-blur-la: 51 of 54 rows changed
stack-2g-turn-blur-la: 40 of 40 rows changed
stack-2g-test-blur-la: 77 of 78 rows changed
test-la-hinged.json                      10 sets 0.053 / 0.034 / 0.056 / 0.024   4 views 0.025 / 0.018 / 0.025 / 0.019  (10/10)
test-r2-la-hinged.json                   10 sets 0.059 / 0.030 / 0.040 / 0.024   4 views 0.037 / 0.022 / 0.026 / 0.015  (10/10)
test-r3-la-hinged.json                   10 sets 0.092 / 0.043 / 0.061 / 0.021   4 views 0.052 / 0.020 / 0.024 / 0.014  (10/10)
test-low-la-hinged.json                  10 sets 0.078 / 0.064 / 0.074 / 0.062   4 views 0.047 / 0.052 / 0.044 / 0.058  (8/8)
blur-la-hinged.json                      10 sets 0.153 / 0.066 / 0.083 / 0.043   4 views 0.124 / 0.049 / 0.066 / 0.019  (10/10)
test-la-joint.json                       10 sets 0.055 / 0.035 / 0.057 / 0.026   4 views 0.027 / 0.021 / 0.028 / 0.019  (10/10)
test-r2-la-joint.json                    10 sets 0.064 / 0.034 / 0.048 / 0.024   4 views 0.040 / 0.022 / 0.026 / 0.016  (10/10)
test-r3-la-joint.json                    10 sets 0.095 / 0.044 / 0.062 / 0.023   4 views 0.054 / 0.023 / 0.026 / 0.015  (10/10)
test-low-la-joint.json                   10 sets 0.089 / 0.070 / 0.083 / 0.062   4 views 0.050 / 0.055 / 0.052 / 0.058  (8/8)
blur-la-joint.json                       10 sets 0.141 / 0.065 / 0.072 / 0.039   4 views 0.084 / 0.041 / 0.031 / 0.023  (10/10)
