stack-2g-x-ga: 52 of 54 rows changed
stack-2g-y-ga: 48 of 48 rows changed
stack-2g-z-ga: 51 of 54 rows changed
stack-2g-turn-ga: 40 of 40 rows changed
stack-2g-test-ga: 74 of 78 rows changed
stack-2g-test-r2-ga: 76 of 78 rows changed
stack-2g-test-r3-ga: 75 of 78 rows changed
stack-2g-test-low-ga: 53 of 60 rows changed
stack-2g-x-blur-ga: 53 of 54 rows changed
stack-2g-y-blur-ga: 48 of 48 rows changed
stack-2g-z-blur-ga: 51 of 54 rows changed
stack-2g-turn-blur-ga: 40 of 40 rows changed
stack-2g-test-blur-ga: 77 of 78 rows changed
test-ga-hinged.json                      10 sets 0.051 / 0.033 / 0.053 / 0.024   4 views 0.025 / 0.018 / 0.025 / 0.018  (10/10)
test-r2-ga-hinged.json                   10 sets 0.058 / 0.031 / 0.038 / 0.025   4 views 0.037 / 0.022 / 0.023 / 0.016  (10/10)
test-r3-ga-hinged.json                   10 sets 0.092 / 0.043 / 0.059 / 0.021   4 views 0.051 / 0.020 / 0.024 / 0.015  (10/10)
test-low-ga-hinged.json                  10 sets 0.076 / 0.062 / 0.074 / 0.064   4 views 0.050 / 0.051 / 0.046 / 0.061  (8/8)
blur-ga-hinged.json                      10 sets 0.152 / 0.064 / 0.081 / 0.043   4 views 0.123 / 0.049 / 0.066 / 0.019  (10/10)
test-ga-joint.json                       10 sets 0.055 / 0.036 / 0.061 / 0.025   4 views 0.027 / 0.020 / 0.029 / 0.019  (10/10)
test-r2-ga-joint.json                    10 sets 0.062 / 0.034 / 0.048 / 0.024   4 views 0.038 / 0.023 / 0.027 / 0.017  (10/10)
test-r3-ga-joint.json                    10 sets 0.095 / 0.045 / 0.066 / 0.023   4 views 0.053 / 0.022 / 0.027 / 0.016  (10/10)
test-low-ga-joint.json                   10 sets 0.086 / 0.068 / 0.083 / 0.062   4 views 0.051 / 0.053 / 0.056 / 0.058  (8/8)
blur-ga-joint.json                       10 sets 0.137 / 0.061 / 0.065 / 0.038   4 views 0.080 / 0.039 / 0.029 / 0.022  (10/10)
