
24/24 in 54.6s, written to results/stack-2b-y/pairs

24/24 in 59.9s, written to results/stack-2b-y/pairs

saved:stack-2: Cube closing on Cube2, 512px, 96 samples, linear tone mapping at exposure 0.5, 4 views, offset 0, -4, 0 mm, swept along 0.00, -1.00, 0.00
yaw, elevation, pair, pxPerMm, overlapPx, gapMm, trueGapPx, measuredGapPx, errorPx, errorMm, CubeOffsetPx, Cube2OffsetPx, refitGapPx, refitErrorPx, refitErrorMm, refitCubeOffsetPx, refitCube2OffsetPx, gapSigma, stripLevel, refitFrom, trackedGapPx, trackedErrorPx, trackedErrorMm, trackedSigma, trackedRms, pairFound, spansBoth, CubeFound, Cube2Found, inGap_crease, inGap_occlusion, inGap_texture,                            reason
 35,        20,    1,   1.178,     107.8,    -2,     2.376,         3.649,   1.273,   1.080,        0.418,        -0.855,      2.380,        0.003,        0.003,            -0.021,             -0.024,    0.020,      0.068,      pair,        2.360,         -0.016,         -0.014,        0.009,     0.0159,      true,         0,       4/5,        8/9,            2,               0,             0,                                  
 35,        20,    2,   1.008,      74.8,    -2,     2.042,         3.523,   1.480,   1.469,        0.422,        -1.059,      1.983,       -0.059,       -0.059,            -0.078,             -0.019,    0.023,      0.069,      pair,        1.978,         -0.065,         -0.064,        0.009,     0.0150,      true,         0,       4/5,        8/9,            2,               0,             0,                                  
 35,        20,    1,   1.178,     107.5,    -1,     3.561,         4.044,   0.483,   0.410,        0.156,        -0.326,      3.546,       -0.015,       -0.013,            -0.022,             -0.006,    0.028,      0.065,      pair,        3.537,         -0.024,         -0.020,        0.015,     0.0270,      true,         0,       4/5,        8/9,            2,               0,             0,                                  
 35,        20,    2,   1.008,      74.2,    -1,     3.059,         3.829,   0.771,   0.765,        0.176,        -0.595,      2.970,       -0.088,       -0.088,            -0.110,             -0.022,    0.026,      0.069,      pair,        2.964,         -0.095,         -0.094,        0.013,     0.0209,      true,         0,       4/5,        8/9,            2,               0,             0,                                  
 35,        20,    1,   1.178,     107.1,     0,     4.743,         4.849,   0.107,   0.090,        0.049,        -0.057,      4.733,       -0.010,       -0.008,             0.016,              0.026,    0.009,      0.068,      pair,        4.760,          0.017,          0.015,        0.005,     0.0081,      true,         0,       4/5,        8/9,            2,               0,             0,                                  
 35,        20,    2,   1.008,      73.6,     0,     4.072,         4.298,   0.226,   0.224,       -0.001,        -0.227,      3.966,       -0.105,       -0.105,            -0.102,              0.004,    0.010,      0.072,      pair,        3.981,         -0.090,         -0.090,        0.005,     0.0077,      true,         0,       4/5,        8/9,            2,               0,             0,                                  
 35,        20,    1,   1.178,     106.7,     1,     5.922,         5.884,  -0.039,  -0.033,       -0.055,        -0.016,      5.898,       -0.024,       -0.021,            -0.025,             -0.001,    0.013,      0.070,      pair,        5.899,         -0.023,         -0.020,        0.007,     0.0127,      true,         0,       4/5,        8/9,            2,               0,             0,                                  
 35,        20,    2,   1.008,      72.9,     1,     5.081,         5.001,  -0.080,  -0.079,       -0.154,        -0.074,      4.928,       -0.153,       -0.152,            -0.158,             -0.005,    0.012,      0.074,      pair,        4.936,         -0.145,         -0.144,        0.007,     0.0101,      true,         0,       4/5,        8/9,            2,               0,             0,                                  
 35,        20,    1,   1.178,     106.3,     2,     7.100,         7.084,  -0.015,  -0.013,       -0.008,         0.007,           ,             ,             ,                  ,                   ,         ,           ,          ,        7.083,         -0.016,         -0.014,        0.006,     0.0107,      true,         0,       4/5,        8/9,            2,               0,             0,                                  
 35,        20,    2,   1.008,      72.3,     2,     6.088,         5.900,  -0.187,  -0.186,       -0.199,        -0.011,      5.925,       -0.163,       -0.161,            -0.179,             -0.017,    0.014,      0.072,      pair,        5.921,         -0.167,         -0.166,        0.008,     0.0126,      true,         0,       4/5,        8/9,            2,               1,             0,                                  
 35,        20,    1,   1.178,     105.6,     4,     9.447,         9.393,  -0.053,  -0.045,       -0.055,        -0.002,           ,             ,             ,                  ,                   ,         ,           ,          ,        9.411,         -0.035,         -0.030,        0.010,     0.0180,      true,         0,       4/5,        8/9,            2,               0,             0,                                  
 35,        20,    2,   1.008,      71.1,     4,     8.091,         7.788,  -0.303,  -0.301,       -0.289,         0.014,           ,             ,             ,                  ,                   ,         ,           ,          ,        7.850,         -0.241,         -0.239,        0.014,     0.0206,      true,         0,       4/5,        8/9,            2,               0,             0,                                  
 60,        20,    1,   0.925,      66.3,    -2,     1.879,         3.529,   1.650,   1.784,        0.502,        -1.148,      1.827,       -0.051,       -0.055,            -0.036,              0.015,    0.026,      0.062,      pair,        1.867,         -0.012,         -0.013,        0.010,     0.0147,      true,         1,       4/5,        8/9,            2,               0,             0,                                  
 60,        20,    2,   1.200,     114.8,    -2,     2.418,         3.564,   1.146,   0.955,        0.356,        -0.790,      2.360,       -0.058,       -0.049,            -0.054,              0.004,    0.017,      0.065,      pair,        2.394,         -0.024,         -0.020,        0.007,     0.0145,      true,         1,       4/5,        8/9,            2,               0,             0,                                  
 60,        20,    1,   0.925,      65.6,    -1,     2.812,         3.750,   0.938,   1.014,        0.325,        -0.613,      2.786,       -0.027,       -0.029,            -0.003,              0.024,    0.040,      0.066,      pair,        2.816,          0.004,          0.004,        0.019,     0.0267,      true,         0,       4/5,        8/9,            2,               0,             0,                                  
 60,        20,    2,   1.200,     114.5,    -1,     3.624,         4.054,   0.430,   0.359,        0.084,        -0.346,      3.562,       -0.062,       -0.051,            -0.070,             -0.009,    0.026,      0.067,      pair,        3.583,         -0.041,         -0.034,        0.013,     0.0240,      true,         0,       4/5,        8/9,            2,               0,             0,                                  
 60,        20,    1,   0.925,      64.9,     0,     3.743,         4.151,   0.408,   0.441,        0.102,        -0.307,      3.722,       -0.020,       -0.022,            -0.024,             -0.004,    0.015,      0.065,      pair,        3.721,         -0.022,         -0.023,        0.008,     0.0112,      true,         0,       4/5,        8/9,            2,               0,             0,                                  
 60,        20,    2,   1.200,     114.2,     0,     4.827,         4.851,   0.024,   0.020,       -0.068,        -0.092,      4.753,       -0.074,       -0.062,            -0.100,             -0.026,    0.012,      0.065,      pair,        4.752,         -0.075,         -0.063,        0.007,     0.0121,      true,         0,       4/5,        8/9,            2,               0,             0,                                  
 60,        20,    1,   0.925,      64.2,     1,     4.669,         4.835,   0.166,   0.179,        0.026,        -0.140,      4.644,       -0.025,       -0.027,            -0.017,              0.008,    0.022,      0.067,      pair,        4.654,         -0.016,         -0.017,        0.013,     0.0177,      true,         0,       4/5,        8/9,            2,               0,             0,                                  
 60,        20,    2,   1.200,     113.9,     1,     6.028,         5.923,  -0.105,  -0.087,       -0.154,        -0.049,      5.916,       -0.111,       -0.093,            -0.143,             -0.032,    0.015,      0.068,      pair,        5.908,         -0.120,         -0.100,        0.009,     0.0165,      true,         0,       4/5,        8/9,            2,               0,             0,                                  
 60,        20,    1,   0.925,      63.5,     2,     5.593,         5.520,  -0.072,  -0.078,       -0.044,         0.029,      5.561,       -0.032,       -0.035,            -0.032,              0.000,    0.019,      0.068,      pair,        5.567,         -0.026,         -0.028,        0.012,     0.0162,      true,         0,       4/5,        8/9,            2,               0,             0,                                  
 60,        20,    2,   1.200,     113.5,     2,     7.226,         7.092,  -0.134,  -0.112,       -0.159,        -0.025,           ,             ,             ,                  ,                   ,         ,           ,          ,        7.101,         -0.125,         -0.104,        0.008,     0.0157,      true,         0,       4/5,        8/9,            2,               0,             0,                                  
 60,        20,    1,   0.925,      62.1,     4,     7.429,         7.354,  -0.075,  -0.081,       -0.072,         0.003,           ,             ,             ,                  ,                   ,         ,           ,          ,        7.382,         -0.047,         -0.051,        0.016,     0.0213,      true,         0,       4/5,        8/9,            1,               1,             0,                                  
 60,        20,    2,   1.200,     112.9,     4,     9.617,         9.426,  -0.190,  -0.159,       -0.215,        -0.025,           ,             ,             ,                  ,                   ,         ,           ,          ,        9.443,         -0.173,         -0.144,        0.008,     0.0151,      true,         0,       4/5,        8/9,            2,               0,             0,                                  
 35,        50,    1,   0.610,     118.5,    -2,     1.239,         3.612,   2.373,   3.890,        0.681,        -1.692,      1.178,       -0.061,       -0.100,            -0.019,              0.042,    0.016,      0.055,      pair,        1.252,          0.013,          0.021,        0.004,     0.0083,      true,         0,       4/5,        7/9,            1,               0,             1,                                  
 35,        50,    2,   0.401,     105.6,    -2,     0.815,         3.736,   2.922,   7.292,        0.617,        -2.304,           ,             ,             ,                  ,                   ,         ,           ,          ,        0.891,          0.076,          0.189,        0.016,     0.0171,      true,         0,       4/5,        7/9,            1,               0,             1,                                  
 35,        50,    1,   0.610,     118.0,    -1,     1.855,         3.572,   1.717,   2.814,        0.567,        -1.150,      1.824,       -0.031,       -0.050,            -0.029,              0.002,    0.023,      0.062,      pair,        1.840,         -0.014,         -0.024,        0.009,     0.0183,      true,         0,       4/5,        7/9,            1,               0,             1,                                  
 35,        50,    2,   0.401,     104.9,    -1,     1.220,         3.654,   2.434,   6.074,        0.605,        -1.829,      1.170,       -0.050,       -0.125,            -0.069,             -0.019,    0.036,      0.083,      pair,        1.248,          0.028,          0.069,        0.010,     0.0198,      true,         0,       4/5,        7/9,            1,               0,             1,                                  
 35,        50,    1,   0.610,     117.5,     0,     2.468,         3.664,   1.195,   1.960,        0.419,        -0.777,      2.423,       -0.045,       -0.074,            -0.016,              0.029,    0.018,      0.063,      pair,        2.466,         -0.003,         -0.005,        0.008,     0.0166,      true,         0,       5/5,        7/9,            2,               0,             0,                                  
 35,        50,    2,   0.401,     104.2,     0,     1.623,         3.584,   1.961,   4.894,        0.539,        -1.422,      1.597,       -0.026,       -0.066,            -0.087,             -0.060,    0.024,      0.088,      pair,        1.621,         -0.002,         -0.006,        0.009,     0.0179,      true,         0,       5/5,        7/9,            1,               0,             1,                                  
 35,        50,    1,   0.610,     117.0,     1,     3.079,         3.823,   0.744,   1.220,        0.235,        -0.509,      3.070,       -0.009,       -0.015,            -0.009,             -0.000,    0.010,      0.062,      pair,        3.085,          0.005,          0.009,        0.005,     0.0097,      true,         0,       5/5,        8/9,            2,               0,             0,                                  
 35,        50,    2,   0.401,     103.5,     1,     2.025,         3.554,   1.529,   3.817,        0.403,        -1.127,      1.988,       -0.037,       -0.092,            -0.114,             -0.077,    0.013,      0.085,      pair,        2.006,         -0.019,         -0.047,        0.008,     0.0151,      true,         0,       5/5,        8/9,            2,               0,             0,                                  
 35,        50,    1,   0.610,     116.5,     2,     3.688,         4.139,   0.451,   0.739,        0.112,        -0.339,      3.649,       -0.040,       -0.065,            -0.053,             -0.014,    0.017,      0.063,      pair,        3.648,         -0.041,         -0.067,        0.009,     0.0190,      true,         0,       4/5,        7/9,            2,               0,             0,                                  
 35,        50,    2,   0.401,     102.8,     2,     2.424,         3.606,   1.182,   2.949,        0.280,        -0.901,      2.349,       -0.076,       -0.188,            -0.137,             -0.062,    0.021,      0.086,      pair,        2.377,         -0.048,         -0.119,        0.011,     0.0209,      true,         0,       4/5,        7/9,            2,               0,             0,                                  
 35,        50,    1,   0.610,     115.5,     4,     4.899,         4.981,   0.082,   0.134,       -0.001,        -0.083,      4.871,       -0.028,       -0.046,            -0.016,              0.012,    0.010,      0.065,      pair,        4.899,         -0.000,         -0.000,        0.006,     0.0114,      true,         0,       4/5,        7/9,            2,               0,             0,                                  
 35,        50,    2,   0.401,     101.4,     4,     3.219,         3.880,   0.661,   1.649,        0.059,        -0.602,      3.126,       -0.093,       -0.232,            -0.187,             -0.094,    0.016,      0.087,      pair,        3.119,         -0.100,         -0.249,        0.010,     0.0174,      true,         0,       4/5,        7/9,            2,               0,             0,                                  
 60,        50,    1,   0.331,     102.6,    -2,     0.674,              ,        ,        ,             ,              ,           ,             ,             ,                  ,                   ,         ,           ,          ,        0.715,          0.042,          0.126,        0.013,     0.0231,     false,         1,       5/6,        7/9,            0,               0,             1, no detection matched Cube2's edge
 60,        50,    2,   0.645,     121.5,    -2,     1.311,         3.560,   2.249,   3.484,        0.613,        -1.636,      1.287,       -0.024,       -0.037,            -0.056,             -0.032,    0.020,      0.073,      pair,        1.288,         -0.022,         -0.035,        0.005,     0.0111,      true,         1,       5/6,        7/9,            1,               0,             1,                                  
 60,        50,    1,   0.331,     101.8,    -1,     1.008,         3.597,   2.589,   7.820,        0.691,        -1.898,      1.026,        0.018,        0.053,             0.012,             -0.006,    0.034,      0.070,      pair,        1.122,          0.114,          0.345,        0.012,     0.0220,      true,         0,       4/5,        7/9,            1,               0,             1,                                  
 60,        50,    2,   0.645,     121.0,    -1,     1.962,         3.568,   1.606,   2.488,        0.487,        -1.119,      1.944,       -0.019,       -0.029,            -0.073,             -0.054,    0.012,      0.073,      pair,        1.924,         -0.038,         -0.059,        0.005,     0.0111,      true,         0,       4/5,        7/9,            2,               0,             0,                                  
 60,        50,    1,   0.331,     101.1,     0,     1.341,         3.562,   2.220,   6.708,        0.630,        -1.590,      1.248,       -0.093,       -0.281,            -0.058,              0.035,    0.041,      0.055,      pair,        1.425,          0.084,          0.253,        0.015,     0.0275,      true,         0,       5/5,        7/9,            1,               0,             1,                                  
 60,        50,    2,   0.645,     120.6,     0,     2.611,         3.671,   1.060,   1.642,        0.252,        -0.808,      2.508,       -0.103,       -0.160,            -0.148,             -0.045,    0.019,      0.071,      pair,        2.503,         -0.109,         -0.168,        0.008,     0.0179,      true,         0,       5/5,        7/9,            2,               0,             0,                                  
 60,        50,    1,   0.331,     100.4,     1,     1.673,         3.494,   1.821,   5.502,        0.549,        -1.273,      1.686,        0.013,        0.038,            -0.022,             -0.034,    0.019,      0.068,      pair,        1.761,          0.088,          0.266,        0.011,     0.0196,      true,         0,       4/5,        7/9,            1,               0,             1,                                  
 60,        50,    2,   0.645,     120.1,     1,     3.258,         3.890,   0.632,   0.979,        0.093,        -0.539,      3.124,       -0.134,       -0.207,            -0.178,             -0.044,    0.009,      0.070,      pair,        3.126,         -0.132,         -0.204,        0.005,     0.0093,      true,         0,       4/5,        7/9,            2,               0,             0,                                  
 60,        50,    1,   0.331,      99.7,     2,     2.003,         3.511,   1.508,   4.556,        0.476,        -1.032,      1.985,       -0.018,       -0.055,            -0.034,             -0.016,    0.023,      0.066,      pair,        2.082,          0.079,          0.239,        0.014,     0.0245,      true,         0,       4/5,        7/9,            2,               0,             0,                                  
 60,        50,    2,   0.645,     119.7,     2,     3.902,         4.180,   0.277,   0.430,       -0.059,        -0.337,      3.747,       -0.156,       -0.241,            -0.194,             -0.039,    0.016,      0.073,      pair,        3.757,         -0.145,         -0.224,        0.008,     0.0165,      true,         0,       4/5,        7/9,            2,               0,             0,                                  
 60,        50,    1,   0.331,      98.2,     4,     2.660,         3.650,   0.990,   2.991,        0.294,        -0.696,      2.630,       -0.030,       -0.090,            -0.054,             -0.024,    0.017,      0.064,      pair,        2.728,          0.069,          0.208,        0.012,     0.0211,      true,         0,       4/5,        7/9,            2,               0,             0,                                  
 60,        50,    2,   0.645,     118.7,     4,     5.183,         5.043,  -0.140,  -0.217,       -0.270,        -0.129,      4.997,       -0.186,       -0.289,            -0.233,             -0.046,    0.013,      0.072,      pair,        5.001,         -0.182,         -0.282,        0.007,     0.0135,      true,         0,       4/5,        7/9,            2,               0,             0,                                  

pixels per millimetre of gap
  elev \ yaw       35      60
          20    1.178   0.925
          50    0.610   0.331

length the two edges share, px
  elev \ yaw       35      60
          20      107      64
          50      117     100

1 mm: gap error as detected, mm
  elev \ yaw       35      60
          20   -0.033   0.179
          50    1.220   5.502

1 mm: gap error refit, mm (* found inside one segment)
  elev \ yaw       35      60
          20   -0.021  -0.027
          50   -0.015   0.038

1 mm: gap error tracked from a wider frame, mm
  elev \ yaw       35      60
          20   -0.020  -0.017
          50    0.009   0.266

2 mm: gap error as detected, mm
  elev \ yaw       35      60
          20   -0.013  -0.078
          50    0.739   4.556

2 mm: gap error refit, mm (* found inside one segment)
  elev \ yaw       35      60
          20        -  -0.035
          50   -0.065  -0.055

2 mm: gap error tracked from a wider frame, mm
  elev \ yaw       35      60
          20   -0.014  -0.028
          50   -0.067   0.239

4 mm: gap error as detected, mm
  elev \ yaw       35      60
          20   -0.045  -0.081
          50    0.134   2.991

4 mm: gap error refit, mm (* found inside one segment)
  elev \ yaw       35      60
          20        -       -
          50   -0.046  -0.090

4 mm: gap error tracked from a wider frame, mm
  elev \ yaw       35      60
          20   -0.030  -0.051
          50   -0.000   0.208

results/stack-2b-y/pairs/gap-sweep.csv, gap-sweep.json, gap-grid.txt, overlays/
