
28/28 in 45.0s, written to results/stack-2b-x/pairs

28/28 in 68.3s, written to results/stack-2b-x/pairs

saved:stack-2: Cube closing on Cube2, 512px, 96 samples, linear tone mapping at exposure 0.5, 4 views, offset 0, -4, 0 mm, swept along -1.00, 0.00, 0.00
yaw, elevation, pair, pxPerMm, overlapPx, gapMm, trueGapPx, measuredGapPx, errorPx, errorMm, CubeOffsetPx, Cube2OffsetPx, refitGapPx, refitErrorPx, refitErrorMm, refitCubeOffsetPx, refitCube2OffsetPx, gapSigma, stripLevel, refitFrom, trackedGapPx, trackedErrorPx, trackedErrorMm, trackedSigma, trackedRms, pairFound, spansBoth, CubeFound, Cube2Found, inGap_crease, inGap_texture,                            reason
 35,        20,    1,  -0.003,     103.3,    -4,     4.754,         4.843,   0.089,        ,        0.016,        -0.073,      4.751,       -0.003,             ,            -0.004,             -0.002,    0.020,      0.067,      pair,        4.750,         -0.004,               ,        0.011,     0.0197,      true,         0,       4/5,        8/9,            2,             0,                                  
 35,        20,    2,  -0.823,      75.4,    -4,     7.395,         7.176,  -0.219,   0.266,       -0.345,        -0.127,           ,             ,             ,                  ,                   ,         ,           ,          ,        7.364,         -0.030,          0.037,        0.019,     0.0172,      true,         0,       4/5,        8/9,            2,             0,                                  
 35,        20,    1,  -0.003,     105.2,    -2,     4.748,         4.806,   0.058,        ,        0.001,        -0.057,      4.722,       -0.026,             ,            -0.019,              0.007,    0.014,      0.063,      pair,        4.734,         -0.015,               ,        0.008,     0.0130,      true,         0,       4/5,        8/9,            2,             0,                                  
 35,        20,    2,  -0.823,      75.2,    -2,     5.725,         5.233,  -0.492,   0.598,       -0.614,        -0.122,      5.408,       -0.318,        0.386,            -0.450,             -0.132,    0.035,      0.089,      pair,        5.729,          0.004,         -0.005,        0.019,     0.0154,      true,         0,       4/5,        8/9,            2,             0,                                  
 35,        20,    1,  -0.003,     106.1,    -1,     4.746,         4.836,   0.091,        ,        0.009,        -0.082,      4.737,       -0.009,             ,            -0.018,             -0.010,    0.010,      0.069,      pair,        4.730,         -0.016,               ,        0.005,     0.0090,      true,         0,       4/5,        8/9,            2,             0,                                  
 35,        20,    2,  -0.823,      74.4,    -1,     4.897,         4.796,  -0.101,   0.122,       -0.307,        -0.206,      4.578,       -0.319,        0.388,            -0.362,             -0.043,    0.021,      0.082,      pair,        5.020,          0.124,         -0.150,        0.021,     0.0117,      true,         0,       4/5,        8/9,            2,             0,                                  
 35,        20,    1,  -0.003,     107.1,     0,     4.743,         4.859,   0.116,        ,        0.049,        -0.067,      4.736,       -0.007,             ,            -0.002,              0.005,    0.011,      0.066,      pair,        4.741,         -0.002,               ,        0.006,     0.0098,      true,         0,       4/5,        8/9,            2,             0,                                  
 35,        20,    2,  -0.823,      73.6,     0,     4.072,         4.271,   0.199,  -0.242,       -0.041,        -0.240,      3.940,       -0.132,        0.160,            -0.143,             -0.011,    0.012,      0.069,      pair,        3.941,         -0.130,          0.158,        0.006,     0.0093,      true,         0,       4/5,        8/9,            2,             0,                                  
 35,        20,    1,  -0.003,     108.0,     1,     4.740,         4.831,   0.091,        ,        0.007,        -0.084,      4.721,       -0.019,             ,            -0.021,             -0.002,    0.015,      0.066,      pair,        4.720,         -0.020,               ,        0.008,     0.0133,      true,         0,       4/5,        8/9,            2,             0,                                  
 35,        20,    2,  -0.823,      72.8,     1,     3.251,         3.916,   0.665,  -0.808,        0.250,        -0.415,      3.245,       -0.005,        0.007,             0.007,              0.012,    0.017,      0.066,      pair,        3.270,          0.020,         -0.024,        0.009,     0.0126,      true,         0,       4/5,        8/9,            2,             0,                                  
 35,        20,    1,  -0.003,     107.5,     2,     4.735,         4.833,   0.097,        ,        0.012,        -0.085,      4.717,       -0.018,             ,            -0.025,             -0.007,    0.020,      0.069,      pair,        4.709,         -0.026,               ,        0.011,     0.0190,      true,         0,       4/5,        8/9,            2,             0,                                  
 35,        20,    2,  -0.823,      72.0,     2,     2.433,         3.574,   1.140,  -1.386,        0.382,        -0.759,      2.416,       -0.017,        0.021,            -0.010,              0.007,    0.028,      0.071,      pair,        2.435,          0.001,         -0.002,        0.014,     0.0208,      true,         0,       4/5,        8/9,            2,             0,                                  
 35,        20,    1,  -0.003,     105.0,     4,     4.728,         4.838,   0.109,        ,        0.033,        -0.076,      4.717,       -0.012,             ,            -0.009,              0.003,    0.014,      0.066,      pair,        4.719,         -0.009,               ,        0.007,     0.0131,      true,         0,       4/5,        8/9,            2,             0,                                  
 35,        20,    2,  -0.823,      70.4,     4,     0.810,         3.627,   2.817,  -3.423,        0.766,        -2.052,      0.644,       -0.165,        0.201,            -0.060,              0.105,    0.102,      0.022,      pair,        0.833,          0.023,         -0.028,        0.013,     0.0197,      true,         0,       4/5,        8/9,            1,             1,                                  
 60,        20,    1,  -0.003,      62.6,    -4,     3.755,         4.161,   0.406,        ,        0.119,        -0.287,      3.757,        0.002,             ,            -0.029,             -0.031,    0.019,      0.074,      pair,        3.716,         -0.038,               ,        0.014,     0.0187,      true,         0,       4/5,        8/9,            2,             0,                                  
 60,        20,    2,  -0.598,     114.4,    -4,     7.243,         6.610,  -0.633,   1.057,       -0.716,        -0.083,           ,             ,             ,                  ,                   ,         ,           ,          ,        7.253,          0.010,         -0.016,        0.011,     0.0119,      true,         0,       4/5,        8/9,            2,             0,                                  
 60,        20,    1,  -0.003,      63.8,    -2,     3.749,         4.216,   0.467,        ,        0.144,        -0.323,      3.740,       -0.008,             ,            -0.013,             -0.005,    0.017,      0.067,      pair,        3.741,         -0.008,               ,        0.011,     0.0140,      true,         0,       4/5,        8/9,            2,             0,                                  
 60,        20,    2,  -0.598,     115.5,    -2,     6.029,         5.537,  -0.492,   0.822,       -0.549,        -0.057,      5.555,       -0.474,        0.793,            -0.538,             -0.063,    0.019,      0.077,      pair,        6.073,          0.044,         -0.074,        0.013,     0.0106,      true,         0,       4/5,        8/9,            2,             0,                                  
 60,        20,    1,  -0.003,      64.3,    -1,     3.746,         4.158,   0.412,        ,        0.093,        -0.319,      3.726,       -0.020,             ,            -0.031,             -0.012,    0.017,      0.067,      pair,        3.716,         -0.029,               ,        0.010,     0.0142,      true,         0,       4/5,        8/9,            2,             0,                                  
 60,        20,    2,  -0.598,     114.9,    -1,     5.426,         5.184,  -0.242,   0.405,       -0.326,        -0.084,      5.153,       -0.273,        0.457,            -0.313,             -0.039,    0.015,      0.071,      pair,        5.578,          0.151,         -0.253,        0.025,     0.0134,      true,         0,       4/5,        8/9,            2,             0,                                  
 60,        20,    1,  -0.003,      64.9,     0,     3.743,         4.139,   0.396,        ,        0.087,        -0.309,      3.709,       -0.033,             ,            -0.030,              0.003,    0.016,      0.064,      pair,        3.714,         -0.029,               ,        0.009,     0.0122,      true,         0,       4/5,        8/9,            2,             0,                                  
 60,        20,    2,  -0.598,     114.2,     0,     4.827,         4.832,   0.005,  -0.009,       -0.087,        -0.092,      4.733,       -0.094,        0.156,            -0.113,             -0.020,    0.011,      0.064,      pair,        4.741,         -0.086,          0.144,        0.006,     0.0109,      true,         0,       4/5,        8/9,            2,             0,                                  
 60,        20,    1,  -0.003,      65.5,     1,     3.740,         4.157,   0.417,        ,        0.094,        -0.323,      3.730,       -0.010,             ,            -0.023,             -0.013,    0.024,      0.070,      pair,        3.720,         -0.020,               ,        0.013,     0.0178,      true,         0,       4/5,        8/9,            2,             0,                                  
 60,        20,    2,  -0.598,     113.5,     1,     4.230,         4.477,   0.247,  -0.413,        0.077,        -0.171,      4.260,        0.030,       -0.051,             0.005,             -0.025,    0.014,      0.070,      pair,        4.259,          0.029,         -0.048,        0.007,     0.0137,      true,         0,       4/5,        8/9,            2,             0,                                  
 60,        20,    1,  -0.003,      66.0,     2,     3.737,         4.144,   0.407,        ,        0.084,        -0.323,      3.711,       -0.026,             ,            -0.045,             -0.019,    0.021,      0.072,      pair,        3.696,         -0.041,               ,        0.011,     0.0159,      true,         0,       4/5,        8/9,            2,             0,                                  
 60,        20,    2,  -0.598,     112.8,     2,     3.636,         4.067,   0.431,  -0.721,        0.139,        -0.292,      3.645,        0.009,       -0.015,            -0.006,             -0.015,    0.016,      0.072,      pair,        3.658,          0.022,         -0.038,        0.009,     0.0160,      true,         0,       4/5,        8/9,            2,             0,                                  
 60,        20,    1,  -0.003,      67.1,     4,     3.731,         4.166,   0.436,        ,        0.103,        -0.333,      3.707,       -0.024,             ,            -0.019,              0.005,    0.020,      0.069,      pair,        3.716,         -0.014,               ,        0.012,     0.0160,      true,         0,       4/5,        8/9,            2,             0,                                  
 60,        20,    2,  -0.598,     111.5,     4,     2.455,         3.583,   1.128,  -1.885,        0.416,        -0.712,      2.465,        0.010,       -0.016,             0.000,             -0.009,    0.017,      0.069,      pair,        2.473,          0.018,         -0.030,        0.010,     0.0182,      true,         0,       4/5,        8/9,            2,             0,                                  
 35,        50,    1,  -0.001,     113.1,    -4,     2.472,         3.637,   1.164,        ,        0.380,        -0.785,      2.449,       -0.023,             ,            -0.030,             -0.007,    0.026,      0.062,      pair,        2.455,         -0.017,               ,        0.013,     0.0268,      true,         0,       4/5,        7/9,            2,             0,                                  
 35,        50,    2,  -1.211,     105.2,    -4,     6.475,         6.892,   0.417,  -0.345,       -0.090,        -0.507,           ,             ,             ,                  ,                   ,         ,           ,          ,        6.539,          0.064,         -0.053,        0.015,     0.0200,      true,         0,       4/5,        7/9,            2,             0,                                  
 35,        50,    1,  -0.001,     115.3,    -2,     2.470,         3.644,   1.173,        ,        0.416,        -0.757,      2.478,        0.008,             ,             0.011,              0.003,    0.022,      0.064,      pair,        2.490,          0.019,               ,        0.010,     0.0211,      true,         0,       5/5,        7/9,            2,             0,                                  
 35,        50,    2,  -1.211,     104.7,    -2,     4.044,         4.481,   0.436,  -0.360,       -0.168,        -0.605,      4.194,        0.150,       -0.124,            -0.131,             -0.281,    0.031,      0.133,      pair,        4.106,          0.062,         -0.051,        0.017,     0.0212,      true,         0,       5/5,        7/9,            2,             0,                                  
 35,        50,    1,  -0.001,     116.4,    -1,     2.469,         3.618,   1.149,        ,        0.377,        -0.772,      2.438,       -0.032,             ,            -0.028,              0.003,    0.019,      0.065,      pair,        2.449,         -0.021,               ,        0.009,     0.0190,      true,         0,       4/5,        7/9,            2,             0,                                  
 35,        50,    2,  -1.211,     104.5,    -1,     2.833,         3.777,   0.944,  -0.780,        0.069,        -0.875,      2.867,        0.034,       -0.028,            -0.173,             -0.208,    0.022,      0.120,      pair,        2.794,         -0.039,          0.032,        0.017,     0.0197,      true,         0,       4/5,        7/9,            2,             0,                                  
 35,        50,    1,  -0.001,     117.5,     0,     2.468,         3.677,   1.209,        ,        0.401,        -0.808,      2.422,       -0.046,             ,            -0.029,              0.017,    0.021,      0.063,      pair,        2.457,         -0.012,               ,        0.009,     0.0193,      true,         0,       5/5,        7/9,            2,             0,                                  
 35,        50,    2,  -1.211,     104.2,     0,     1.623,         3.535,   1.912,  -1.580,        0.486,        -1.426,      1.563,       -0.060,        0.050,            -0.101,             -0.041,    0.028,      0.084,      pair,        1.621,         -0.002,          0.002,        0.010,     0.0200,      true,         0,       5/5,        7/9,            1,             1,                                  
 35,        50,    1,  -0.001,     118.6,     1,     2.467,         3.682,   1.215,        ,        0.418,        -0.797,      2.440,       -0.028,             ,            -0.010,              0.017,    0.014,      0.059,      pair,        2.484,          0.017,               ,        0.006,     0.0122,      true,         0,       5/5,        7/9,            2,             0,                                  
 35,        50,    2,  -1.211,     104.0,     1,     0.416,              ,        ,        ,             ,              ,           ,             ,             ,                  ,                   ,         ,           ,          ,             ,               ,          0.000,             ,           ,     false,         0,       5/5,        7/9,            0,             1, no detection matched Cube2's edge
 35,        50,    1,  -0.001,     118.4,     2,     2.465,         3.669,   1.203,        ,        0.403,        -0.800,      2.476,        0.011,             ,            -0.004,             -0.015,    0.014,      0.063,      pair,        2.472,          0.006,               ,        0.006,     0.0127,      true,         0,       5/5,        7/9,            2,             0,                                  
 35,        50,    2,  -1.211,     103.7,     2,    -0.789,              ,        ,        ,             ,              ,           ,             ,             ,                  ,                   ,         ,           ,          ,             ,               ,               ,             ,           ,     false,         0,       5/5,        7/9,            0,             1,  no detection matched Cube's edge
 35,        50,    1,  -0.001,     115.8,     4,     2.463,         3.672,   1.209,        ,        0.409,        -0.800,      2.435,       -0.028,             ,            -0.017,              0.011,    0.016,      0.061,      pair,        2.466,          0.003,               ,        0.007,     0.0152,      true,         0,       3/4,        7/9,            2,             0,                                  
 60,        50,    1,  -0.001,      97.5,    -4,     1.344,         3.482,   2.138,        ,        0.609,        -1.530,      1.312,       -0.032,             ,            -0.026,              0.006,    0.027,      0.065,      pair,        1.430,          0.086,               ,        0.014,     0.0250,      true,         0,       4/5,        7/9,            1,             1,                                  
 60,        50,    2,  -1.129,     121.7,    -4,     7.140,         7.467,   0.327,  -0.289,       -0.073,        -0.400,           ,             ,             ,                  ,                   ,         ,           ,          ,        7.176,          0.036,         -0.032,        0.011,     0.0154,      true,         0,       4/5,        7/9,            2,             0,                                  
 60,        50,    1,  -0.001,      99.3,    -2,     1.343,         3.509,   2.166,        ,        0.607,        -1.559,      1.309,       -0.034,             ,            -0.028,              0.006,    0.035,      0.063,      pair,        1.429,          0.086,               ,        0.014,     0.0257,      true,         0,       4/5,        7/9,            1,             1,                                  
 60,        50,    2,  -1.129,     121.2,    -2,     4.869,         4.867,  -0.002,   0.002,       -0.416,        -0.414,      4.883,        0.013,       -0.012,            -0.216,             -0.229,    0.031,      0.111,      pair,        4.901,          0.032,         -0.028,        0.013,     0.0168,      true,         0,       4/5,        7/9,            2,             0,                                  
 60,        50,    1,  -0.001,     100.2,    -1,     1.342,         3.532,   2.190,        ,        0.646,        -1.544,      1.379,        0.037,             ,             0.011,             -0.027,    0.041,      0.070,      pair,        1.452,          0.110,               ,        0.016,     0.0278,      true,         0,       4/5,        7/9,            1,             1,                                  
 60,        50,    2,  -1.129,     120.9,    -1,     3.739,         4.123,   0.384,  -0.340,       -0.148,        -0.531,      3.610,       -0.129,        0.114,            -0.261,             -0.132,    0.026,      0.089,      pair,        3.868,          0.129,         -0.114,        0.020,     0.0205,      true,         0,       4/5,        7/9,            2,             0,                                  
 60,        50,    1,  -0.001,     101.1,     0,     1.341,         3.516,   2.175,        ,        0.618,        -1.557,      1.260,       -0.082,             ,            -0.071,              0.010,    0.025,      0.057,      pair,        1.408,          0.066,               ,        0.011,     0.0197,      true,         0,       4/5,        7/9,            1,             1,                                  
 60,        50,    2,  -1.129,     120.6,     0,     2.611,         3.692,   1.081,  -0.958,        0.271,        -0.810,      2.509,       -0.102,        0.090,            -0.146,             -0.045,    0.012,      0.070,      pair,        2.509,         -0.102,          0.091,        0.005,     0.0111,      true,         0,       4/5,        7/9,            2,             0,                                  
 60,        50,    1,  -0.001,     102.0,     1,     1.341,         3.552,   2.212,        ,        0.618,        -1.593,      1.248,       -0.093,             ,            -0.058,              0.035,    0.033,      0.052,      pair,        1.426,          0.086,               ,        0.012,     0.0217,      true,         0,       5/5,        7/9,            1,             1,                                  
 60,        50,    2,  -1.129,     120.3,     1,     1.487,         3.521,   2.034,  -1.802,        0.677,        -1.357,      1.428,       -0.059,        0.053,            -0.021,              0.038,    0.024,      0.054,      pair,        1.558,          0.071,         -0.063,        0.007,     0.0151,      true,         0,       5/5,        7/9,            1,             1,                                  
 60,        50,    1,  -0.001,     102.9,     2,     1.340,         3.571,   2.232,        ,        0.652,        -1.579,      1.337,       -0.002,             ,            -0.031,             -0.029,    0.022,      0.070,      pair,        1.418,          0.079,               ,        0.010,     0.0189,      true,         0,       4/5,        7/9,            1,             1,                                  
 60,        50,    2,  -1.129,     120.0,     2,     0.366,              ,        ,        ,             ,              ,      0.860,        0.494,       -0.438,             0.168,             -0.326,    0.093,      0.180,   segment,        0.399,          0.033,         -0.030,        0.005,     0.0104,     false,         0,       4/5,        7/9,            0,             1, no detection matched Cube2's edge
 60,        50,    1,  -0.001,     101.9,     4,     1.337,         3.552,   2.215,        ,        0.667,        -1.548,      1.280,       -0.057,             ,            -0.044,              0.014,    0.026,      0.057,      pair,        1.442,          0.105,               ,        0.009,     0.0163,      true,         0,       3/4,        7/9,            1,             1,                                  

pixels per millimetre of gap
  elev \ yaw       35      60
          20   -0.003  -0.003
          50   -0.001  -0.001

length the two edges share, px
  elev \ yaw       35      60
          20      108      65
          50      119     102

1 mm: gap error as detected, mm
  elev \ yaw       35      60
          20        -       -
          50        -       -

1 mm: gap error refit, mm (* found inside one segment)
  elev \ yaw       35      60
          20                 
          50                 

1 mm: gap error tracked from a wider frame, mm
  elev \ yaw       35      60
          20                 
          50                 

2 mm: gap error as detected, mm
  elev \ yaw       35      60
          20        -       -
          50        -       -

2 mm: gap error refit, mm (* found inside one segment)
  elev \ yaw       35      60
          20                 
          50                 

2 mm: gap error tracked from a wider frame, mm
  elev \ yaw       35      60
          20                 
          50                 

4 mm: gap error as detected, mm
  elev \ yaw       35      60
          20        -       -
          50        -       -

4 mm: gap error refit, mm (* found inside one segment)
  elev \ yaw       35      60
          20                 
          50                 

4 mm: gap error tracked from a wider frame, mm
  elev \ yaw       35      60
          20                 
          50                 

results/stack-2b-x/pairs/gap-sweep.csv, gap-sweep.json, gap-grid.txt, overlays/
