Initialising the path tracer (loads a model and builds a BVH)…
  ready in 0.6s — pathtracing, scene saved:stack-2 in room-arealight, 28 image(s) to render
  room lamp  40 nt #fffdf8
  light  area:120@0.5,0.95,1#ffffff  Light 1
  tone mapping  linear, exposure 0.5
  ok   y35-e20-gap-m4mm.png  Cube.position=-0.3,0.796,0.204 intensity=1  21.1s  gt 17/44 edges, 10/33 vertices
  ok   y35-e20-gap-m2mm.png  Cube.position=-0.3,0.796,0.202 intensity=1  25.6s  gt 17/44 edges, 10/33 vertices
  ok   y35-e20-gap-m1mm.png  Cube.position=-0.3,0.796,0.201 intensity=1  23.0s  gt 17/44 edges, 10/33 vertices
  ok   y35-e20-gap-0mm.png  Cube.position=-0.3,0.796,0.2 intensity=1  20.9s  gt 17/44 edges, 10/33 vertices
  ok   y35-e20-gap-1mm.png  Cube.position=-0.3,0.796,0.199 intensity=1  25.1s  gt 17/44 edges, 10/33 vertices
  ok   y35-e20-gap-2mm.png  Cube.position=-0.3,0.796,0.198 intensity=1  26.5s  gt 17/44 edges, 10/33 vertices
  ok   y35-e20-gap-4mm.png  Cube.position=-0.3,0.796,0.196 intensity=1  22.8s  gt 17/44 edges, 10/33 vertices
  ok   y60-e20-gap-m4mm.png  Cube.position=-0.3,0.796,0.204 intensity=1  20.8s  gt 17/46 edges, 11/35 vertices
  ok   y60-e20-gap-m2mm.png  Cube.position=-0.3,0.796,0.202 intensity=1  20.7s  gt 17/46 edges, 11/35 vertices
  ok   y60-e20-gap-m1mm.png  Cube.position=-0.3,0.796,0.201 intensity=1  22.2s  gt 17/46 edges, 11/35 vertices
  ok   y60-e20-gap-0mm.png  Cube.position=-0.3,0.796,0.2 intensity=1  24.0s  gt 17/46 edges, 11/35 vertices
  ok   y60-e20-gap-1mm.png  Cube.position=-0.3,0.796,0.199 intensity=1  21.1s  gt 17/46 edges, 11/35 vertices
  ok   y60-e20-gap-2mm.png  Cube.position=-0.3,0.796,0.198 intensity=1  23.9s  gt 17/46 edges, 11/35 vertices
  ok   y60-e20-gap-4mm.png  Cube.position=-0.3,0.796,0.196 intensity=1  23.6s  gt 17/46 edges, 11/35 vertices
  ok   y35-e50-gap-m4mm.png  Cube.position=-0.3,0.796,0.204 intensity=1  20.9s  gt 16/39 edges, 10/34 vertices
  ok   y35-e50-gap-m2mm.png  Cube.position=-0.3,0.796,0.202 intensity=1  20.9s  gt 16/39 edges, 10/34 vertices
  ok   y35-e50-gap-m1mm.png  Cube.position=-0.3,0.796,0.201 intensity=1  22.5s  gt 16/39 edges, 10/34 vertices
  ok   y35-e50-gap-0mm.png  Cube.position=-0.3,0.796,0.2 intensity=1  23.7s  gt 16/39 edges, 10/34 vertices
  ok   y35-e50-gap-1mm.png  Cube.position=-0.3,0.796,0.199 intensity=1  22.0s  gt 16/39 edges, 10/34 vertices
  ok   y35-e50-gap-2mm.png  Cube.position=-0.3,0.796,0.198 intensity=1  20.9s  gt 16/39 edges, 10/34 vertices
  ok   y35-e50-gap-4mm.png  Cube.position=-0.3,0.796,0.196 intensity=1  20.8s  gt 15/39 edges, 9/34 vertices
  ok   y60-e50-gap-m4mm.png  Cube.position=-0.3,0.796,0.204 intensity=1  20.9s  gt 16/44 edges, 10/37 vertices
  ok   y60-e50-gap-m2mm.png  Cube.position=-0.3,0.796,0.202 intensity=1  21.8s  gt 16/44 edges, 10/37 vertices
  ok   y60-e50-gap-m1mm.png  Cube.position=-0.3,0.796,0.201 intensity=1  24.6s  gt 16/44 edges, 10/37 vertices
  ok   y60-e50-gap-0mm.png  Cube.position=-0.3,0.796,0.2 intensity=1  22.1s  gt 16/44 edges, 10/37 vertices
  ok   y60-e50-gap-1mm.png  Cube.position=-0.3,0.796,0.199 intensity=1  21.6s  gt 16/44 edges, 10/37 vertices
  ok   y60-e50-gap-2mm.png  Cube.position=-0.3,0.796,0.198 intensity=1  20.9s  gt 16/44 edges, 10/37 vertices
  ok   y60-e50-gap-4mm.png  Cube.position=-0.3,0.796,0.196 intensity=1  21.5s  gt 15/44 edges, 9/37 vertices

28 image(s), 28 ground truth -> generated/stack-2b-z

28/28 in 49.8s, written to results/stack-2b-z/pairs
--carry: nothing to carry from for 35,50 pair 1; 35,50 pair 2; 60,50 pair 1; 60,50 pair 2

14/14 in 31.7s, written to results/stack-2b-z/pairs

saved:stack-2: Cube closing on Cube2, 512px, 96 samples, linear tone mapping at exposure 0.5, 4 views, offset 0, -4, 0 mm, swept along 0.00, 0.00, -1.00
yaw, elevation, pair, pxPerMm, overlapPx, gapMm, trueGapPx, measuredGapPx, errorPx, errorMm, CubeOffsetPx, Cube2OffsetPx, refitGapPx, refitErrorPx, refitErrorMm, refitCubeOffsetPx, refitCube2OffsetPx, gapSigma, stripLevel, refitFrom, trackedGapPx, trackedErrorPx, trackedErrorMm, trackedSigma, trackedRms, pairFound, spansBoth, CubeFound, Cube2Found, inGap_crease, inGap_texture,                            reason
 35,        20,    1,  -0.627,     107.4,    -4,     7.273,         7.103,  -0.169,   0.270,       -0.170,        -0.001,           ,             ,             ,                  ,                   ,         ,           ,          ,        7.152,         -0.120,          0.192,        0.009,     0.0158,      true,         0,       4/5,        8/9,            2,             0,                                  
 35,        20,    2,  -0.003,      71.0,    -4,     4.084,         4.291,   0.207,        ,       -0.026,        -0.233,      3.949,       -0.135,             ,            -0.121,              0.014,    0.013,      0.073,      pair,        3.968,         -0.116,               ,        0.012,     0.0176,      true,         0,       4/5,        8/9,            2,             0,                                  
 35,        20,    1,  -0.627,     108.6,    -2,     6.001,         5.898,  -0.103,   0.165,       -0.119,        -0.015,      5.940,       -0.061,        0.098,            -0.090,             -0.029,    0.012,      0.071,      pair,        5.921,         -0.080,          0.128,        0.006,     0.0102,      true,         0,       4/5,        8/9,            2,             0,                                  
 35,        20,    2,  -0.003,      72.3,    -2,     4.078,         4.318,   0.240,        ,       -0.023,        -0.263,      3.956,       -0.122,             ,            -0.126,             -0.004,    0.011,      0.070,      pair,        3.961,         -0.117,               ,        0.008,     0.0121,      true,         0,       4/5,        8/9,            2,             0,                                  
 35,        20,    1,  -0.627,     107.8,    -1,     5.371,         5.357,  -0.013,   0.021,       -0.038,        -0.025,      5.319,       -0.051,        0.082,            -0.058,             -0.006,    0.015,      0.070,      pair,        5.319,         -0.052,          0.083,        0.008,     0.0132,      true,         0,       5/5,        8/9,            2,             0,                                  
 35,        20,    2,  -0.003,      72.9,    -1,     4.075,         4.260,   0.185,        ,       -0.044,        -0.230,      3.962,       -0.112,             ,            -0.134,             -0.022,    0.021,      0.072,      pair,        3.946,         -0.129,               ,        0.012,     0.0183,      true,         0,       5/5,        8/9,            2,             0,                                  
 35,        20,    1,  -0.627,     107.1,     0,     4.743,         4.848,   0.105,  -0.168,        0.011,        -0.094,      4.713,       -0.029,        0.047,            -0.042,             -0.012,    0.018,      0.067,      pair,        4.709,         -0.034,          0.054,        0.010,     0.0167,      true,         0,       4/5,        8/9,            2,             0,                                  
 35,        20,    2,  -0.003,      73.6,     0,     4.072,         4.289,   0.217,        ,       -0.035,        -0.252,      3.958,       -0.114,             ,            -0.146,             -0.032,    0.016,      0.071,      pair,        3.935,         -0.137,               ,        0.009,     0.0139,      true,         0,       4/5,        8/9,            2,             0,                                  
 35,        20,    1,  -0.627,     106.4,     1,     4.118,         4.374,   0.256,  -0.408,        0.087,        -0.169,      4.111,       -0.007,        0.012,             0.001,              0.008,    0.017,      0.070,      pair,        4.127,          0.010,         -0.015,        0.009,     0.0160,      true,         0,       4/5,        8/9,            2,             0,                                  
 35,        20,    2,  -0.003,      74.2,     1,     4.069,         4.330,   0.261,        ,        0.016,        -0.245,      3.961,       -0.107,             ,            -0.095,              0.012,    0.014,      0.074,      pair,        3.985,         -0.083,               ,        0.007,     0.0114,      true,         0,       4/5,        8/9,            2,             0,                                  
 35,        20,    1,  -0.627,     105.6,     2,     3.496,         4.015,   0.520,  -0.830,        0.177,        -0.343,      3.487,       -0.009,        0.014,            -0.000,              0.009,    0.018,      0.064,      pair,        3.505,          0.009,         -0.015,        0.009,     0.0151,      true,         0,       4/5,        8/9,            2,             0,                                  
 35,        20,    2,  -0.003,      74.8,     2,     4.065,         4.299,   0.233,        ,       -0.023,        -0.256,      3.950,       -0.116,             ,            -0.126,             -0.010,    0.019,      0.070,      pair,        3.950,         -0.116,               ,        0.010,     0.0148,      true,         0,       4/5,        8/9,            2,             0,                                  
 35,        20,    1,  -0.627,     104.2,     4,     2.260,         3.539,   1.279,  -2.041,        0.439,        -0.840,      2.264,        0.005,       -0.007,             0.004,             -0.001,    0.014,      0.066,      pair,        2.281,          0.021,         -0.034,        0.007,     0.0113,      true,         0,       4/5,        8/9,            2,             0,                                  
 35,        20,    2,  -0.003,      75.2,     4,     4.055,         4.324,   0.269,        ,        0.001,        -0.268,      3.941,       -0.114,             ,            -0.124,             -0.010,    0.013,      0.070,      pair,        3.945,         -0.110,               ,        0.007,     0.0101,      true,         0,       4/5,        8/9,            2,             0,                                  
 60,        20,    1,  -0.901,      67.6,    -4,     7.379,         7.379,  -0.000,   0.000,       -0.096,        -0.095,           ,             ,             ,                  ,                   ,         ,           ,          ,        7.335,         -0.044,          0.049,        0.010,     0.0136,      true,         0,       4/5,        8/9,            2,             0,                                  
 60,        20,    2,  -0.003,     110.1,    -4,     4.837,         4.870,   0.033,        ,       -0.062,        -0.094,      4.768,       -0.068,             ,            -0.092,             -0.024,    0.011,      0.069,      pair,        4.769,         -0.068,               ,        0.006,     0.0105,      true,         0,       4/5,        8/9,            2,             0,                                  
 60,        20,    1,  -0.901,      66.4,    -2,     5.552,         5.498,  -0.054,   0.060,       -0.146,        -0.092,      5.473,       -0.079,        0.088,            -0.108,             -0.029,    0.031,      0.074,      pair,        5.476,         -0.077,          0.085,        0.017,     0.0243,      true,         0,       4/5,        8/9,            2,             0,                                  
 60,        20,    2,  -0.003,     112.1,    -2,     4.832,         4.849,   0.017,        ,       -0.084,        -0.101,      4.752,       -0.080,             ,            -0.121,             -0.041,    0.021,      0.067,      pair,        4.731,         -0.101,               ,        0.012,     0.0229,      true,         0,       4/5,        8/9,            2,             0,                                  
 60,        20,    1,  -0.901,      65.7,    -1,     4.645,         4.718,   0.072,  -0.080,       -0.063,        -0.135,      4.591,       -0.054,        0.060,            -0.089,             -0.034,    0.017,      0.068,      pair,        4.588,         -0.058,          0.064,        0.009,     0.0124,      true,         0,       4/5,        8/9,            2,             0,                                  
 60,        20,    2,  -0.003,     113.2,    -1,     4.829,         4.887,   0.058,        ,       -0.080,        -0.138,      4.754,       -0.075,             ,            -0.105,             -0.030,    0.011,      0.065,      pair,        4.751,         -0.079,               ,        0.006,     0.0104,      true,         0,       4/5,        8/9,            2,             0,                                  
 60,        20,    1,  -0.901,      64.9,     0,     3.743,         4.178,   0.436,  -0.484,        0.113,        -0.323,      3.748,        0.006,       -0.006,            -0.025,             -0.030,    0.024,      0.068,      pair,        3.743,          0.000,         -0.000,        0.013,     0.0183,      true,         0,       4/5,        8/9,            2,             0,                                  
 60,        20,    2,  -0.003,     114.2,     0,     4.827,         4.862,   0.035,        ,       -0.049,        -0.084,      4.741,       -0.086,             ,            -0.091,             -0.005,    0.019,      0.068,      pair,        4.761,         -0.065,               ,        0.010,     0.0195,      true,         0,       4/5,        8/9,            2,             0,                                  
 60,        20,    1,  -0.901,      64.1,     1,     2.844,         3.747,   0.903,  -1.002,        0.324,        -0.579,      2.874,        0.030,       -0.033,             0.030,              0.000,    0.030,      0.068,      pair,        2.905,          0.060,         -0.067,        0.015,     0.0212,      true,         0,       4/5,        8/9,            2,             0,                                  
 60,        20,    2,  -0.003,     115.0,     1,     4.824,         4.836,   0.012,        ,       -0.071,        -0.083,      4.703,       -0.121,             ,            -0.113,              0.008,    0.016,      0.067,      pair,        4.735,         -0.089,               ,        0.009,     0.0167,      true,         0,       4/5,        8/9,            2,             0,                                  
 60,        20,    1,  -0.901,      63.4,     2,     1.950,         3.538,   1.589,  -1.764,        0.471,        -1.118,      1.932,       -0.018,        0.020,            -0.017,              0.001,    0.042,      0.068,      pair,        1.958,          0.008,         -0.009,        0.018,     0.0256,      true,         0,       4/5,        8/9,            2,             0,                                  
 60,        20,    2,  -0.003,     114.0,     2,     4.820,         4.868,   0.048,        ,       -0.056,        -0.104,      4.709,       -0.111,             ,            -0.123,             -0.012,    0.020,      0.069,      pair,        4.716,         -0.104,               ,        0.011,     0.0207,      true,         0,       4/5,        8/9,            2,             0,                                  
 60,        20,    1,  -0.901,      61.9,     4,     0.173,              ,        ,        ,             ,              ,           ,             ,             ,                  ,                   ,         ,           ,          ,             ,               ,          0.000,             ,           ,     false,         0,       4/5,        8/9,            0,             1, no detection matched Cube2's edge
 60,        20,    2,  -0.003,     111.4,     4,     4.814,         4.849,   0.035,        ,       -0.087,        -0.122,      4.722,       -0.091,             ,            -0.114,             -0.023,    0.009,      0.068,      pair,        4.722,         -0.092,               ,        0.006,     0.0106,      true,         0,       4/5,        8/9,            2,             0,                                  
 35,        50,    1,   1.144,     118.7,    -4,    -7.057,        -7.158,  -0.101,  -0.088,        0.044,         0.145,           ,             ,             ,                  ,                   ,         ,           ,          ,             ,               ,               ,             ,           ,      true,         0,       5/5,        8/9,            2,             0,                                  
 35,        50,    2,   0.001,     100.4,    -4,    -1.627,        -3.547,  -1.920,        ,       -0.494,         1.426,     -1.558,        0.068,             ,             0.107,              0.039,    0.018,      0.082,      pair,             ,               ,               ,             ,           ,      true,         0,       5/5,        8/9,            2,             0,                                  
 35,        50,    1,   1.144,     118.1,    -2,    -4.756,        -4.888,  -0.132,  -0.115,        0.080,         0.212,     -4.788,       -0.032,       -0.028,             0.058,              0.089,    0.015,      0.079,      pair,             ,               ,               ,             ,           ,      true,         0,       4/5,        7/9,            2,             0,                                  
 35,        50,    2,   0.001,     102.3,    -2,    -1.625,        -3.553,  -1.928,        ,       -0.490,         1.438,     -1.614,        0.011,             ,             0.112,              0.101,    0.020,      0.089,      pair,             ,               ,               ,             ,           ,      true,         0,       4/5,        7/9,            1,             1,                                  
 35,        50,    1,   1.144,     117.8,    -1,    -3.611,        -4.097,  -0.486,  -0.425,       -0.071,         0.415,     -3.565,        0.046,        0.040,             0.093,              0.048,    0.013,      0.067,      pair,             ,               ,               ,             ,           ,      true,         0,       5/5,        7/9,            2,             0,                                  
 35,        50,    2,   0.001,     103.3,    -1,    -1.624,        -3.585,  -1.961,        ,       -0.522,         1.439,     -1.580,        0.044,             ,             0.098,              0.054,    0.020,      0.083,      pair,             ,               ,               ,             ,           ,      true,         0,       5/5,        7/9,            1,             1,                                  
 35,        50,    1,   1.144,     117.5,     0,    -2.468,        -3.645,  -1.177,  -1.028,       -0.392,         0.784,     -2.448,        0.021,        0.018,             0.014,             -0.007,    0.025,      0.063,      pair,             ,               ,               ,             ,           ,      true,         0,       5/5,        7/9,            2,             0,                                  
 35,        50,    2,   0.001,     104.2,     0,    -1.623,        -3.581,  -1.958,        ,       -0.536,         1.422,     -1.577,        0.046,             ,             0.087,              0.040,    0.028,      0.087,      pair,             ,               ,               ,             ,           ,      true,         0,       5/5,        7/9,            1,             1,                                  
 35,        50,    1,   1.144,     117.2,     1,    -1.329,        -3.561,  -2.233,  -1.951,       -0.693,         1.540,     -1.304,        0.025,        0.021,             0.002,             -0.022,    0.034,      0.061,      pair,             ,               ,               ,             ,           ,      true,         0,       4/5,        7/9,            1,             1,                                  
 35,        50,    2,   0.001,     105.1,     1,    -1.622,        -3.533,  -1.911,        ,       -0.494,         1.417,     -1.603,        0.019,             ,             0.102,              0.083,    0.025,      0.087,      pair,             ,               ,               ,             ,           ,      true,         0,       4/5,        7/9,            2,             0,                                  
 35,        50,    1,   1.144,     116.9,     2,    -0.192,              ,        ,        ,             ,              ,           ,             ,             ,                  ,                   ,         ,           ,          ,             ,               ,               ,             ,           ,     false,         0,       4/5,        7/9,            0,             1, no detection matched Cube2's edge
 35,        50,    2,   0.001,     106.0,     2,    -1.621,        -3.594,  -1.973,        ,       -0.550,         1.423,     -1.594,        0.028,             ,             0.074,              0.046,    0.013,      0.089,      pair,             ,               ,               ,             ,           ,      true,         0,       4/5,        7/9,            2,             0,                                  
 35,        50,    2,   0.001,     104.6,     4,    -1.618,        -3.617,  -1.999,        ,       -0.539,         1.460,     -1.564,        0.054,             ,             0.118,              0.063,    0.020,      0.082,      pair,             ,               ,               ,             ,           ,      true,         0,       4/4,        7/9,            2,             0,                                  
 60,        50,    1,   1.225,     102.0,    -4,    -6.248,        -6.360,  -0.112,  -0.091,        0.075,         0.186,           ,             ,             ,                  ,                   ,         ,           ,          ,             ,               ,               ,             ,           ,      true,         0,       4/5,        7/9,            2,             0,                                  
 60,        50,    2,   0.001,     116.1,    -4,    -2.615,        -3.656,  -1.041,        ,       -0.274,         0.768,     -2.516,        0.099,             ,             0.127,              0.028,    0.021,      0.072,      pair,             ,               ,               ,             ,           ,      true,         0,       4/5,        7/9,            2,             0,                                  
 60,        50,    1,   1.225,     101.5,    -2,    -3.791,        -4.214,  -0.424,  -0.346,       -0.046,         0.378,     -3.832,       -0.041,       -0.034,             0.049,              0.091,    0.020,      0.080,      pair,             ,               ,               ,             ,           ,      true,         0,       4/5,        7/9,            2,             0,                                  
 60,        50,    2,   0.001,     118.3,    -2,    -2.613,        -3.664,  -1.051,        ,       -0.279,         0.772,     -2.527,        0.086,             ,             0.120,              0.034,    0.018,      0.068,      pair,             ,               ,               ,             ,           ,      true,         0,       4/5,        7/9,            2,             0,                                  
 60,        50,    1,   1.225,     101.3,    -1,    -2.565,        -3.662,  -1.097,  -0.896,       -0.313,         0.784,     -2.569,       -0.004,       -0.003,             0.057,              0.061,    0.019,      0.078,      pair,             ,               ,               ,             ,           ,      true,         0,       4/5,        7/9,            2,             0,                                  
 60,        50,    2,   0.001,     119.5,    -1,    -2.612,        -3.643,  -1.031,        ,       -0.258,         0.773,     -2.471,        0.141,             ,             0.163,              0.022,    0.011,      0.068,      pair,             ,               ,               ,             ,           ,      true,         0,       4/5,        7/9,            2,             0,                                  
 60,        50,    1,   1.225,     101.1,     0,    -1.341,        -3.534,  -2.193,  -1.790,       -0.640,         1.553,     -1.245,        0.096,        0.078,             0.060,             -0.036,    0.022,      0.055,      pair,             ,               ,               ,             ,           ,      true,         0,       4/5,        7/9,            1,             1,                                  
 60,        50,    2,   0.001,     120.6,     0,    -2.611,        -3.662,  -1.050,        ,       -0.280,         0.770,     -2.488,        0.123,             ,             0.151,              0.028,    0.012,      0.067,      pair,             ,               ,               ,             ,           ,      true,         0,       4/5,        7/9,            2,             0,                                  
 60,        50,    1,   1.225,     100.9,     1,    -0.120,              ,        ,        ,             ,              ,           ,             ,             ,                  ,                   ,         ,           ,          ,             ,               ,               ,             ,           ,     false,         1,       4/5,        7/9,            0,             1, no detection matched Cube2's edge
 60,        50,    2,   0.001,     121.5,     1,    -2.610,        -3.646,  -1.036,        ,       -0.258,         0.778,     -2.505,        0.105,             ,             0.150,              0.044,    0.013,      0.068,      pair,             ,               ,               ,             ,           ,      true,         1,       4/5,        7/9,            2,             0,                                  
 60,        50,    1,   1.225,     100.7,     2,     1.100,              ,        ,        ,             ,              ,           ,             ,             ,                  ,                   ,         ,           ,          ,             ,               ,               ,             ,           ,     false,         0,       4/5,        7/9,            0,             1,  no detection matched Cube's edge
 60,        50,    2,   0.001,     120.9,     2,    -2.609,        -3.654,  -1.045,        ,       -0.285,         0.760,     -2.495,        0.114,             ,             0.125,              0.011,    0.013,      0.068,      pair,             ,               ,               ,             ,           ,      true,         0,       4/5,        7/9,            2,             0,                                  
 60,        50,    2,   0.001,     118.3,     4,    -2.606,        -3.641,  -1.035,        ,       -0.246,         0.789,     -2.489,        0.117,             ,             0.142,              0.025,    0.009,      0.067,      pair,             ,               ,               ,             ,           ,      true,         0,       3/4,        7/9,            2,             0,                                  

pixels per millimetre of gap
  elev \ yaw       35      60
          20   -0.627  -0.901
          50    1.144   1.225

length the two edges share, px
  elev \ yaw       35      60
          20      106      64
          50      117     101

1 mm: gap error as detected, mm
  elev \ yaw       35      60
          20   -0.408  -1.002
          50   -1.951       -

1 mm: gap error refit, mm (* found inside one segment)
  elev \ yaw       35      60
          20    0.012  -0.033
          50    0.021       -

1 mm: gap error tracked from a wider frame, mm
  elev \ yaw       35      60
          20   -0.015  -0.067
          50        -       -

2 mm: gap error as detected, mm
  elev \ yaw       35      60
          20   -0.830  -1.764
          50        -       -

2 mm: gap error refit, mm (* found inside one segment)
  elev \ yaw       35      60
          20    0.014   0.020
          50        -       -

2 mm: gap error tracked from a wider frame, mm
  elev \ yaw       35      60
          20   -0.015  -0.009
          50        -       -

4 mm: gap error as detected, mm
  elev \ yaw       35      60
          20   -2.041       -
          50        -       -

4 mm: gap error refit, mm (* found inside one segment)
  elev \ yaw       35      60
          20   -0.007       -
          50                 

4 mm: gap error tracked from a wider frame, mm
  elev \ yaw       35      60
          20   -0.034   0.000
          50        -       -

results/stack-2b-z/pairs/gap-sweep.csv, gap-sweep.json, gap-grid.txt, overlays/
