Initialising the path tracer (loads a model and builds a BVH)…
  ready in 1.1s — pathtracing, scene saved:stack-2 in room-arealight, 28 image(s) to render
  room lamp  40 nt #fffdf8
  light  area:120@0.5,0.95,1#ffffff  Light 1
  tone mapping  linear, exposure 0.5
  ok   y35-e20-gap-m4mm.png  Cube.position=-0.296,0.796,0.2 intensity=1  27.2s  gt 17/44 edges, 10/33 vertices
  ok   y35-e20-gap-m2mm.png  Cube.position=-0.298,0.796,0.2 intensity=1  27.4s  gt 17/44 edges, 10/33 vertices
  ok   y35-e20-gap-m1mm.png  Cube.position=-0.299,0.796,0.2 intensity=1  26.9s  gt 17/44 edges, 10/33 vertices
  ok   y35-e20-gap-0mm.png  Cube.position=-0.3,0.796,0.2 intensity=1  26.1s  gt 17/44 edges, 10/33 vertices
  ok   y35-e20-gap-1mm.png  Cube.position=-0.301,0.796,0.2 intensity=1  25.8s  gt 17/44 edges, 10/33 vertices
  ok   y35-e20-gap-2mm.png  Cube.position=-0.302,0.796,0.2 intensity=1  26.4s  gt 17/44 edges, 10/33 vertices
  ok   y35-e20-gap-4mm.png  Cube.position=-0.304,0.796,0.2 intensity=1  25.5s  gt 17/44 edges, 10/33 vertices
  ok   y60-e20-gap-m4mm.png  Cube.position=-0.296,0.796,0.2 intensity=1  25.6s  gt 17/46 edges, 11/35 vertices
  ok   y60-e20-gap-m2mm.png  Cube.position=-0.298,0.796,0.2 intensity=1  24.7s  gt 17/46 edges, 11/35 vertices
  ok   y60-e20-gap-m1mm.png  Cube.position=-0.299,0.796,0.2 intensity=1  24.7s  gt 17/46 edges, 11/35 vertices
  ok   y60-e20-gap-0mm.png  Cube.position=-0.3,0.796,0.2 intensity=1  24.7s  gt 17/46 edges, 11/35 vertices
  ok   y60-e20-gap-1mm.png  Cube.position=-0.301,0.796,0.2 intensity=1  25.0s  gt 17/46 edges, 11/35 vertices
  ok   y60-e20-gap-2mm.png  Cube.position=-0.302,0.796,0.2 intensity=1  24.8s  gt 17/46 edges, 11/35 vertices
  ok   y60-e20-gap-4mm.png  Cube.position=-0.304,0.796,0.2 intensity=1  24.8s  gt 17/46 edges, 11/35 vertices
  ok   y35-e50-gap-m4mm.png  Cube.position=-0.296,0.796,0.2 intensity=1  24.1s  gt 16/39 edges, 10/34 vertices
  ok   y35-e50-gap-m2mm.png  Cube.position=-0.298,0.796,0.2 intensity=1  24.1s  gt 16/39 edges, 10/34 vertices
  ok   y35-e50-gap-m1mm.png  Cube.position=-0.299,0.796,0.2 intensity=1  24.5s  gt 16/39 edges, 10/34 vertices
  ok   y35-e50-gap-0mm.png  Cube.position=-0.3,0.796,0.2 intensity=1  24.4s  gt 16/39 edges, 10/34 vertices
  ok   y35-e50-gap-1mm.png  Cube.position=-0.301,0.796,0.2 intensity=1  25.1s  gt 16/39 edges, 10/34 vertices
  ok   y35-e50-gap-2mm.png  Cube.position=-0.302,0.796,0.2 intensity=1  25.3s  gt 16/39 edges, 10/34 vertices
  ok   y35-e50-gap-4mm.png  Cube.position=-0.304,0.796,0.2 intensity=1  24.9s  gt 15/39 edges, 9/34 vertices
  ok   y60-e50-gap-m4mm.png  Cube.position=-0.296,0.796,0.2 intensity=1  25.2s  gt 16/44 edges, 10/37 vertices
  ok   y60-e50-gap-m2mm.png  Cube.position=-0.298,0.796,0.2 intensity=1  25.1s  gt 16/44 edges, 10/37 vertices
  ok   y60-e50-gap-m1mm.png  Cube.position=-0.299,0.796,0.2 intensity=1  25.0s  gt 16/44 edges, 10/37 vertices
  ok   y60-e50-gap-0mm.png  Cube.position=-0.3,0.796,0.2 intensity=1  24.8s  gt 16/44 edges, 10/37 vertices
  ok   y60-e50-gap-1mm.png  Cube.position=-0.301,0.796,0.2 intensity=1  25.6s  gt 16/44 edges, 10/37 vertices
  ok   y60-e50-gap-2mm.png  Cube.position=-0.302,0.796,0.2 intensity=1  25.3s  gt 16/44 edges, 10/37 vertices
  ok   y60-e50-gap-4mm.png  Cube.position=-0.304,0.796,0.2 intensity=1  26.3s  gt 15/44 edges, 9/37 vertices

28 image(s), 28 ground truth -> generated/stack-2b-x

28/28 in 77.0s, written to results/stack-2b-x/pairs
--carry: nothing to carry from for 35,50 pair 1; 35,50 pair 2; 60,50 pair 1; 60,50 pair 2

14/14 in 30.7s, written to results/stack-2b-x/pairs

saved:stack-2: Cube closing on Cube2, 512px, 96 samples, linear tone mapping at exposure 0.5, 4 views, offset 0, -4, 0 mm, swept along -1.00, 0.00, 0.00
yaw, elevation, pair, pxPerMm, overlapPx, gapMm, trueGapPx, measuredGapPx, errorPx, errorMm, CubeOffsetPx, Cube2OffsetPx, refitGapPx, refitErrorPx, refitErrorMm, refitCubeOffsetPx, refitCube2OffsetPx, gapSigma, stripLevel, refitFrom, trackedGapPx, trackedErrorPx, trackedErrorMm, trackedSigma, trackedRms, pairFound, spansBoth, CubeFound, Cube2Found, inGap_crease, inGap_texture,                            reason
 35,        20,    1,  -0.003,     103.3,    -4,     4.754,         4.843,   0.089,        ,        0.016,        -0.073,      4.751,       -0.003,             ,            -0.004,             -0.002,    0.020,      0.067,      pair,        4.749,         -0.005,               ,        0.011,     0.0188,      true,         0,       4/5,        8/9,            2,             0,                                  
 35,        20,    2,  -0.823,      75.4,    -4,     7.395,         7.176,  -0.219,   0.266,       -0.345,        -0.127,           ,             ,             ,                  ,                   ,         ,           ,          ,        7.047,         -0.348,          0.423,        0.026,     0.0332,      true,         0,       4/5,        8/9,            2,             0,                                  
 35,        20,    1,  -0.003,     105.2,    -2,     4.748,         4.806,   0.058,        ,        0.001,        -0.057,      4.722,       -0.026,             ,            -0.019,              0.007,    0.014,      0.063,      pair,        4.731,         -0.017,               ,        0.008,     0.0129,      true,         0,       4/5,        8/9,            2,             0,                                  
 35,        20,    2,  -0.823,      75.2,    -2,     5.725,         5.233,  -0.492,   0.598,       -0.614,        -0.122,      5.408,       -0.318,        0.386,            -0.450,             -0.132,    0.035,      0.089,      pair,        5.284,         -0.441,          0.536,        0.018,     0.0245,      true,         0,       4/5,        8/9,            2,             0,                                  
 35,        20,    1,  -0.003,     106.1,    -1,     4.746,         4.836,   0.091,        ,        0.009,        -0.082,      4.737,       -0.009,             ,            -0.018,             -0.010,    0.010,      0.069,      pair,        4.729,         -0.017,               ,        0.005,     0.0091,      true,         0,       4/5,        8/9,            2,             0,                                  
 35,        20,    2,  -0.823,      74.4,    -1,     4.897,         4.796,  -0.101,   0.122,       -0.307,        -0.206,      4.578,       -0.319,        0.388,            -0.362,             -0.043,    0.021,      0.082,      pair,        4.553,         -0.344,          0.418,        0.011,     0.0159,      true,         0,       4/5,        8/9,            2,             0,                                  
 35,        20,    1,  -0.003,     107.1,     0,     4.743,         4.859,   0.116,        ,        0.049,        -0.067,      4.736,       -0.007,             ,            -0.002,              0.005,    0.011,      0.066,      pair,        4.741,         -0.002,               ,        0.006,     0.0099,      true,         0,       4/5,        8/9,            2,             0,                                  
 35,        20,    2,  -0.823,      73.6,     0,     4.072,         4.271,   0.199,  -0.242,       -0.041,        -0.240,      3.940,       -0.132,        0.160,            -0.143,             -0.011,    0.012,      0.069,      pair,        3.942,         -0.130,          0.158,        0.006,     0.0093,      true,         0,       4/5,        8/9,            2,             0,                                  
 35,        20,    1,  -0.003,     108.0,     1,     4.740,         4.831,   0.091,        ,        0.007,        -0.084,      4.721,       -0.019,             ,            -0.021,             -0.002,    0.015,      0.066,      pair,        4.719,         -0.021,               ,        0.008,     0.0134,      true,         0,       4/5,        8/9,            2,             0,                                  
 35,        20,    2,  -0.823,      72.8,     1,     3.251,         3.916,   0.665,  -0.808,        0.250,        -0.415,      3.245,       -0.005,        0.007,             0.007,              0.012,    0.017,      0.066,      pair,        3.271,          0.021,         -0.025,        0.009,     0.0126,      true,         0,       4/5,        8/9,            2,             0,                                  
 35,        20,    1,  -0.003,     107.5,     2,     4.735,         4.833,   0.097,        ,        0.012,        -0.085,      4.717,       -0.018,             ,            -0.025,             -0.007,    0.020,      0.069,      pair,        4.708,         -0.027,               ,        0.011,     0.0191,      true,         0,       4/5,        8/9,            2,             0,                                  
 35,        20,    2,  -0.823,      72.0,     2,     2.433,         3.574,   1.140,  -1.386,        0.382,        -0.759,      2.416,       -0.017,        0.021,            -0.010,              0.007,    0.028,      0.071,      pair,        2.434,          0.001,         -0.002,        0.014,     0.0211,      true,         0,       4/5,        8/9,            2,             0,                                  
 35,        20,    1,  -0.003,     105.0,     4,     4.728,         4.838,   0.109,        ,        0.033,        -0.076,      4.717,       -0.012,             ,            -0.009,              0.003,    0.014,      0.066,      pair,        4.715,         -0.013,               ,        0.008,     0.0131,      true,         0,       4/5,        8/9,            2,             0,                                  
 35,        20,    2,  -0.823,      70.4,     4,     0.810,         3.627,   2.817,  -3.423,        0.766,        -2.052,      0.644,       -0.165,        0.201,            -0.060,              0.105,    0.102,      0.022,      pair,        0.831,          0.021,         -0.026,        0.014,     0.0202,      true,         0,       4/5,        8/9,            1,             1,                                  
 60,        20,    1,  -0.003,      62.6,    -4,     3.755,         4.161,   0.406,        ,        0.119,        -0.287,      3.757,        0.002,             ,            -0.029,             -0.031,    0.019,      0.074,      pair,        3.727,         -0.028,               ,        0.013,     0.0174,      true,         0,       4/5,        8/9,            2,             0,                                  
 60,        20,    2,  -0.598,     114.4,    -4,     7.243,         6.610,  -0.633,   1.057,       -0.716,        -0.083,           ,             ,             ,                  ,                   ,         ,           ,          ,        6.776,         -0.467,          0.781,        0.016,     0.0275,      true,         0,       4/5,        8/9,            2,             0,                                  
 60,        20,    1,  -0.003,      63.8,    -2,     3.749,         4.216,   0.467,        ,        0.144,        -0.323,      3.740,       -0.008,             ,            -0.013,             -0.005,    0.017,      0.067,      pair,        3.747,         -0.001,               ,        0.010,     0.0131,      true,         0,       4/5,        8/9,            2,             0,                                  
 60,        20,    2,  -0.598,     115.5,    -2,     6.029,         5.537,  -0.492,   0.822,       -0.549,        -0.057,      5.555,       -0.474,        0.793,            -0.538,             -0.063,    0.019,      0.077,      pair,        5.526,         -0.503,          0.841,        0.010,     0.0169,      true,         0,       4/5,        8/9,            2,             0,                                  
 60,        20,    1,  -0.003,      64.3,    -1,     3.746,         4.158,   0.412,        ,        0.093,        -0.319,      3.726,       -0.020,             ,            -0.031,             -0.012,    0.017,      0.067,      pair,        3.725,         -0.021,               ,        0.010,     0.0136,      true,         0,       4/5,        8/9,            2,             0,                                  
 60,        20,    2,  -0.598,     114.9,    -1,     5.426,         5.184,  -0.242,   0.405,       -0.326,        -0.084,      5.153,       -0.273,        0.457,            -0.313,             -0.039,    0.015,      0.071,      pair,        5.143,         -0.284,          0.474,        0.008,     0.0145,      true,         0,       4/5,        8/9,            2,             0,                                  
 60,        20,    1,  -0.003,      64.9,     0,     3.743,         4.139,   0.396,        ,        0.087,        -0.309,      3.709,       -0.033,             ,            -0.030,              0.003,    0.016,      0.064,      pair,        3.721,         -0.022,               ,        0.009,     0.0120,      true,         0,       4/5,        8/9,            2,             0,                                  
 60,        20,    2,  -0.598,     114.2,     0,     4.827,         4.832,   0.005,  -0.009,       -0.087,        -0.092,      4.733,       -0.094,        0.156,            -0.113,             -0.020,    0.011,      0.064,      pair,        4.739,         -0.088,          0.146,        0.006,     0.0109,      true,         0,       4/5,        8/9,            2,             0,                                  
 60,        20,    1,  -0.003,      65.5,     1,     3.740,         4.157,   0.417,        ,        0.094,        -0.323,      3.730,       -0.010,             ,            -0.023,             -0.013,    0.024,      0.070,      pair,        3.728,         -0.012,               ,        0.013,     0.0179,      true,         0,       4/5,        8/9,            2,             0,                                  
 60,        20,    2,  -0.598,     113.5,     1,     4.230,         4.477,   0.247,  -0.413,        0.077,        -0.171,      4.260,        0.030,       -0.051,             0.005,             -0.025,    0.014,      0.070,      pair,        4.261,          0.031,         -0.052,        0.007,     0.0136,      true,         0,       4/5,        8/9,            2,             0,                                  
 60,        20,    1,  -0.003,      66.0,     2,     3.737,         4.144,   0.407,        ,        0.084,        -0.323,      3.711,       -0.026,             ,            -0.045,             -0.019,    0.021,      0.072,      pair,        3.704,         -0.033,               ,        0.011,     0.0159,      true,         0,       4/5,        8/9,            2,             0,                                  
 60,        20,    2,  -0.598,     112.8,     2,     3.636,         4.067,   0.431,  -0.721,        0.139,        -0.292,      3.645,        0.009,       -0.015,            -0.006,             -0.015,    0.016,      0.072,      pair,        3.659,          0.024,         -0.040,        0.009,     0.0158,      true,         0,       4/5,        8/9,            2,             0,                                  
 60,        20,    1,  -0.003,      67.1,     4,     3.731,         4.166,   0.436,        ,        0.103,        -0.333,      3.707,       -0.024,             ,            -0.019,              0.005,    0.020,      0.069,      pair,        3.719,         -0.011,               ,        0.012,     0.0160,      true,         0,       4/5,        8/9,            2,             0,                                  
 60,        20,    2,  -0.598,     111.5,     4,     2.455,         3.583,   1.128,  -1.885,        0.416,        -0.712,      2.465,        0.010,       -0.016,             0.000,             -0.009,    0.017,      0.069,      pair,        2.489,          0.034,         -0.056,        0.009,     0.0159,      true,         0,       4/5,        8/9,            2,             0,                                  
 35,        50,    1,   0.001,     113.1,    -4,    -2.472,        -3.637,  -1.164,        ,       -0.380,         0.785,     -2.449,        0.023,             ,             0.030,              0.007,    0.026,      0.062,      pair,             ,               ,               ,             ,           ,      true,         0,       4/5,        7/9,            2,             0,                                  
 35,        50,    2,   1.211,     105.2,    -4,    -6.475,        -6.892,  -0.417,  -0.345,        0.090,         0.507,           ,             ,             ,                  ,                   ,         ,           ,          ,             ,               ,               ,             ,           ,      true,         0,       4/5,        7/9,            2,             0,                                  
 35,        50,    1,   0.001,     115.3,    -2,    -2.470,        -3.644,  -1.173,        ,       -0.416,         0.757,     -2.478,       -0.008,             ,            -0.011,             -0.003,    0.022,      0.064,      pair,             ,               ,               ,             ,           ,      true,         0,       5/5,        7/9,            2,             0,                                  
 35,        50,    2,   1.211,     104.7,    -2,    -4.044,        -4.481,  -0.436,  -0.360,        0.168,         0.605,     -4.194,       -0.150,       -0.124,             0.131,              0.281,    0.031,      0.133,      pair,             ,               ,               ,             ,           ,      true,         0,       5/5,        7/9,            2,             0,                                  
 35,        50,    1,   0.001,     116.4,    -1,    -2.469,        -3.618,  -1.149,        ,       -0.377,         0.772,     -2.438,        0.032,             ,             0.028,             -0.003,    0.019,      0.065,      pair,             ,               ,               ,             ,           ,      true,         0,       4/5,        7/9,            2,             0,                                  
 35,        50,    2,   1.211,     104.5,    -1,    -2.833,        -3.777,  -0.944,  -0.780,       -0.069,         0.875,     -2.867,       -0.034,       -0.028,             0.173,              0.208,    0.022,      0.120,      pair,             ,               ,               ,             ,           ,      true,         0,       4/5,        7/9,            2,             0,                                  
 35,        50,    1,   0.001,     117.5,     0,    -2.468,        -3.677,  -1.209,        ,       -0.401,         0.808,     -2.422,        0.046,             ,             0.029,             -0.017,    0.021,      0.063,      pair,             ,               ,               ,             ,           ,      true,         0,       5/5,        7/9,            2,             0,                                  
 35,        50,    2,   1.211,     104.2,     0,    -1.623,        -3.535,  -1.912,  -1.580,       -0.486,         1.426,     -1.563,        0.060,        0.050,             0.101,              0.041,    0.028,      0.084,      pair,             ,               ,               ,             ,           ,      true,         0,       5/5,        7/9,            1,             1,                                  
 35,        50,    1,   0.001,     118.6,     1,    -2.467,        -3.682,  -1.215,        ,       -0.418,         0.797,     -2.440,        0.028,             ,             0.010,             -0.017,    0.014,      0.059,      pair,             ,               ,               ,             ,           ,      true,         0,       5/5,        7/9,            2,             0,                                  
 35,        50,    2,   1.211,     104.0,     1,    -0.416,              ,        ,        ,             ,              ,           ,             ,             ,                  ,                   ,         ,           ,          ,             ,               ,               ,             ,           ,     false,         0,       5/5,        7/9,            0,             1, no detection matched Cube2's edge
 35,        50,    1,   0.001,     118.4,     2,    -2.465,        -3.669,  -1.203,        ,       -0.403,         0.800,     -2.476,       -0.011,             ,             0.004,              0.015,    0.014,      0.063,      pair,             ,               ,               ,             ,           ,      true,         0,       5/5,        7/9,            2,             0,                                  
 35,        50,    2,   1.211,     103.7,     2,     0.789,              ,        ,        ,             ,              ,           ,             ,             ,                  ,                   ,         ,           ,          ,             ,               ,               ,             ,           ,     false,         0,       5/5,        7/9,            0,             1,  no detection matched Cube's edge
 35,        50,    1,   0.001,     115.8,     4,    -2.463,        -3.672,  -1.209,        ,       -0.409,         0.800,     -2.435,        0.028,             ,             0.017,             -0.011,    0.016,      0.061,      pair,             ,               ,               ,             ,           ,      true,         0,       3/4,        7/9,            2,             0,                                  
 60,        50,    1,   0.001,      97.5,    -4,    -1.344,        -3.482,  -2.138,        ,       -0.609,         1.530,     -1.312,        0.032,             ,             0.026,             -0.006,    0.027,      0.065,      pair,             ,               ,               ,             ,           ,      true,         0,       4/5,        7/9,            1,             1,                                  
 60,        50,    2,   1.129,     121.7,    -4,    -7.140,        -7.467,  -0.327,  -0.289,        0.073,         0.400,           ,             ,             ,                  ,                   ,         ,           ,          ,             ,               ,               ,             ,           ,      true,         0,       4/5,        7/9,            2,             0,                                  
 60,        50,    1,   0.001,      99.3,    -2,    -1.343,        -3.509,  -2.166,        ,       -0.607,         1.559,     -1.309,        0.034,             ,             0.028,             -0.006,    0.035,      0.063,      pair,             ,               ,               ,             ,           ,      true,         0,       4/5,        7/9,            1,             1,                                  
 60,        50,    2,   1.129,     121.2,    -2,    -4.869,        -4.867,   0.002,   0.002,        0.416,         0.414,     -4.883,       -0.013,       -0.012,             0.216,              0.229,    0.031,      0.111,      pair,             ,               ,               ,             ,           ,      true,         0,       4/5,        7/9,            2,             0,                                  
 60,        50,    1,   0.001,     100.2,    -1,    -1.342,        -3.532,  -2.190,        ,       -0.646,         1.544,     -1.379,       -0.037,             ,            -0.011,              0.027,    0.041,      0.070,      pair,             ,               ,               ,             ,           ,      true,         0,       4/5,        7/9,            1,             1,                                  
 60,        50,    2,   1.129,     120.9,    -1,    -3.739,        -4.123,  -0.384,  -0.340,        0.148,         0.531,     -3.610,        0.129,        0.114,             0.261,              0.132,    0.026,      0.089,      pair,             ,               ,               ,             ,           ,      true,         0,       4/5,        7/9,            2,             0,                                  
 60,        50,    1,   0.001,     101.1,     0,    -1.341,        -3.516,  -2.175,        ,       -0.618,         1.557,     -1.260,        0.082,             ,             0.071,             -0.010,    0.025,      0.057,      pair,             ,               ,               ,             ,           ,      true,         0,       4/5,        7/9,            1,             1,                                  
 60,        50,    2,   1.129,     120.6,     0,    -2.611,        -3.692,  -1.081,  -0.958,       -0.271,         0.810,     -2.509,        0.102,        0.090,             0.146,              0.045,    0.012,      0.070,      pair,             ,               ,               ,             ,           ,      true,         0,       4/5,        7/9,            2,             0,                                  
 60,        50,    1,   0.001,     102.0,     1,    -1.341,        -3.552,  -2.212,        ,       -0.618,         1.593,     -1.248,        0.093,             ,             0.058,             -0.035,    0.033,      0.052,      pair,             ,               ,               ,             ,           ,      true,         0,       5/5,        7/9,            1,             1,                                  
 60,        50,    2,   1.129,     120.3,     1,    -1.487,        -3.521,  -2.034,  -1.802,       -0.677,         1.357,     -1.428,        0.059,        0.053,             0.021,             -0.038,    0.024,      0.054,      pair,             ,               ,               ,             ,           ,      true,         0,       5/5,        7/9,            1,             1,                                  
 60,        50,    1,   0.001,     102.9,     2,    -1.340,        -3.571,  -2.232,        ,       -0.652,         1.579,     -1.337,        0.002,             ,             0.031,              0.029,    0.022,      0.070,      pair,             ,               ,               ,             ,           ,      true,         0,       4/5,        7/9,            1,             1,                                  
 60,        50,    2,   1.129,     120.0,     2,    -0.366,              ,        ,        ,             ,              ,      0.860,        1.225,        1.085,             0.691,             -0.534,    0.093,      0.180,   segment,             ,               ,               ,             ,           ,     false,         0,       4/5,        7/9,            0,             1, no detection matched Cube2's edge
 60,        50,    1,   0.001,     101.9,     4,    -1.337,        -3.552,  -2.215,        ,       -0.667,         1.548,     -1.280,        0.057,             ,             0.044,             -0.014,    0.026,      0.057,      pair,             ,               ,               ,             ,           ,      true,         0,       3/4,        7/9,            1,             1,                                  

pixels per millimetre of gap
  elev \ yaw       35      60
          20   -0.003  -0.003
          50    0.001   0.001

length the two edges share, px
  elev \ yaw       35      60
          20      108      65
          50      119     102

1 mm: gap error as detected, mm
  elev \ yaw       35      60
          20        -       -
          50        -       -

1 mm: gap error refit, mm (* found inside one segment)
  elev \ yaw       35      60
          20                 
          50                 

1 mm: gap error tracked from a wider frame, mm
  elev \ yaw       35      60
          20                 
          50        -       -

2 mm: gap error as detected, mm
  elev \ yaw       35      60
          20        -       -
          50        -       -

2 mm: gap error refit, mm (* found inside one segment)
  elev \ yaw       35      60
          20                 
          50                 

2 mm: gap error tracked from a wider frame, mm
  elev \ yaw       35      60
          20                 
          50        -       -

4 mm: gap error as detected, mm
  elev \ yaw       35      60
          20        -       -
          50        -       -

4 mm: gap error refit, mm (* found inside one segment)
  elev \ yaw       35      60
          20                 
          50                 

4 mm: gap error tracked from a wider frame, mm
  elev \ yaw       35      60
          20                 
          50        -       -

results/stack-2b-x/pairs/gap-sweep.csv, gap-sweep.json, gap-grid.txt, overlays/
