Initialising the path tracer (loads a model and builds a BVH)…
  ready in 0.7s — pathtracing, scene saved:stack-2 in room-arealight, 20 image(s) to render
  room lamp  40 nt #fffdf8
  light  area:120@0.5,0.95,1#ffffff  Light 1
  tone mapping  linear, exposure 0.5
  ok   y35-e20-pose-1.png  Cube.position=-0.3,0.796,0.2 Cube.rotation=0,3,0 intensity=1  22.3s  gt 17/44 edges, 10/33 vertices
  ok   y35-e20-pose-2.png  Cube.position=-0.3,0.796,0.2 Cube.rotation=0,1.5,0 intensity=1  22.3s  gt 17/44 edges, 10/33 vertices
  ok   y35-e20-pose-3.png  Cube.position=-0.3,0.796,0.2 Cube.rotation=0,0,0 intensity=1  22.9s  gt 17/44 edges, 10/33 vertices
  ok   y35-e20-pose-4.png  Cube.position=-0.3,0.796,0.2 Cube.rotation=0,-1.5,0 intensity=1  23.1s  gt 17/44 edges, 10/33 vertices
  ok   y35-e20-pose-5.png  Cube.position=-0.3,0.796,0.2 Cube.rotation=0,-3,0 intensity=1  23.8s  gt 17/44 edges, 10/33 vertices
  ok   y60-e20-pose-1.png  Cube.position=-0.3,0.796,0.2 Cube.rotation=0,3,0 intensity=1  22.3s  gt 17/46 edges, 11/35 vertices
  ok   y60-e20-pose-2.png  Cube.position=-0.3,0.796,0.2 Cube.rotation=0,1.5,0 intensity=1  20.8s  gt 17/46 edges, 11/35 vertices
  ok   y60-e20-pose-3.png  Cube.position=-0.3,0.796,0.2 Cube.rotation=0,0,0 intensity=1  20.9s  gt 17/46 edges, 11/35 vertices
  ok   y60-e20-pose-4.png  Cube.position=-0.3,0.796,0.2 Cube.rotation=0,-1.5,0 intensity=1  21.1s  gt 17/46 edges, 11/35 vertices
  ok   y60-e20-pose-5.png  Cube.position=-0.3,0.796,0.2 Cube.rotation=0,-3,0 intensity=1  20.8s  gt 17/46 edges, 11/35 vertices
  ok   y35-e50-pose-1.png  Cube.position=-0.3,0.796,0.2 Cube.rotation=0,3,0 intensity=1  20.9s  gt 16/39 edges, 9/34 vertices
  ok   y35-e50-pose-2.png  Cube.position=-0.3,0.796,0.2 Cube.rotation=0,1.5,0 intensity=1  20.8s  gt 16/39 edges, 10/34 vertices
  ok   y35-e50-pose-3.png  Cube.position=-0.3,0.796,0.2 Cube.rotation=0,0,0 intensity=1  20.9s  gt 16/39 edges, 10/34 vertices
  ok   y35-e50-pose-4.png  Cube.position=-0.3,0.796,0.2 Cube.rotation=0,-1.5,0 intensity=1  20.4s  gt 16/39 edges, 10/34 vertices
  ok   y35-e50-pose-5.png  Cube.position=-0.3,0.796,0.2 Cube.rotation=0,-3,0 intensity=1  20.9s  gt 16/39 edges, 10/34 vertices
  ok   y60-e50-pose-1.png  Cube.position=-0.3,0.796,0.2 Cube.rotation=0,3,0 intensity=1  20.8s  gt 16/44 edges, 10/37 vertices
  ok   y60-e50-pose-2.png  Cube.position=-0.3,0.796,0.2 Cube.rotation=0,1.5,0 intensity=1  20.8s  gt 16/44 edges, 10/37 vertices
  ok   y60-e50-pose-3.png  Cube.position=-0.3,0.796,0.2 Cube.rotation=0,0,0 intensity=1  21.0s  gt 16/44 edges, 10/37 vertices
  ok   y60-e50-pose-4.png  Cube.position=-0.3,0.796,0.2 Cube.rotation=0,-1.5,0 intensity=1  25.6s  gt 16/44 edges, 10/37 vertices
  ok   y60-e50-pose-5.png  Cube.position=-0.3,0.796,0.2 Cube.rotation=0,-3,0 intensity=1  20.9s  gt 16/44 edges, 10/37 vertices

20 image(s), 20 ground truth -> generated/stack-2b-turn

20/20 in 36.1s, written to results/stack-2b-turn/pairs
--carry: nothing to carry from for 35,50 pair 1; 35,50 pair 2; 60,50 pair 1; 60,50 pair 2

10/10 in 25.2s, written to results/stack-2b-turn/pairs

saved:stack-2: Cube closing on Cube2, 512px, 96 samples, linear tone mapping at exposure 0.5, 4 views
pose, poseX, poseY, poseZ, turnDeg, yaw, elevation, pair, pxPerMm, overlapPx, gapMm, trueGapPx, measuredGapPx, errorPx, errorMm, CubeOffsetPx, Cube2OffsetPx, refitGapPx, refitErrorPx, refitErrorMm, refitCubeOffsetPx, refitCube2OffsetPx, gapSigma, stripLevel, refitFrom, trackedGapPx, trackedErrorPx, trackedErrorMm, trackedSigma, trackedRms, pairFound, spansBoth, CubeFound, Cube2Found, inGap_crease, inGap_texture, reason
   1,  0.00, -4.00,  0.00,    3.00,  35,        20,    1,        ,     106.4,     0,     4.692,         4.804,   0.112,        ,       -0.010,        -0.122,      4.662,       -0.030,             ,            -0.035,             -0.006,    0.017,      0.066,      pair,        4.646,         -0.046,               ,        0.009,     0.0167,      true,         0,       4/5,        8/9,            2,             0,       
   1,  0.00, -4.00,  0.00,    3.00,  35,        20,    2,        ,      71.2,     0,     4.210,         4.414,   0.204,        ,       -0.134,        -0.340,      4.076,       -0.134,             ,            -0.177,             -0.042,    0.026,      0.074,      pair,        4.056,         -0.155,               ,        0.015,     0.0195,      true,         0,       4/5,        8/9,            2,             0,       
   2,  0.00, -4.00,  0.00,    1.50,  35,        20,    1,        ,     106.8,     0,     4.709,         4.814,   0.105,        ,        0.020,        -0.085,      4.674,       -0.035,             ,            -0.028,              0.007,    0.015,      0.067,      pair,        4.673,         -0.036,               ,        0.008,     0.0131,      true,         0,       4/5,        8/9,            2,             0,       
   2,  0.00, -4.00,  0.00,    1.50,  35,        20,    2,        ,      73.3,     0,     4.152,         4.374,   0.221,        ,       -0.079,        -0.301,      4.007,       -0.146,             ,            -0.182,             -0.037,    0.016,      0.073,      pair,        3.987,         -0.165,               ,        0.009,     0.0123,      true,         0,       4/5,        8/9,            2,             0,       
   3,  0.00, -4.00,  0.00,    0.00,  35,        20,    1,        ,     107.1,     0,     4.743,         4.818,   0.075,        ,        0.012,        -0.063,      4.713,       -0.030,             ,            -0.022,              0.007,    0.022,      0.067,      pair,        4.714,         -0.029,               ,        0.012,     0.0208,      true,         0,       4/5,        8/9,            2,             0,       
   3,  0.00, -4.00,  0.00,    0.00,  35,        20,    2,        ,      73.6,     0,     4.072,         4.303,   0.231,        ,       -0.011,        -0.242,      3.967,       -0.104,             ,            -0.117,             -0.013,    0.023,      0.070,      pair,        3.969,         -0.103,               ,        0.012,     0.0187,      true,         0,       4/5,        8/9,            2,             0,       
   4,  0.00, -4.00,  0.00,   -1.50,  35,        20,    1,        ,     106.2,     0,     4.784,         4.904,   0.121,        ,        0.016,        -0.105,      4.777,       -0.007,             ,            -0.024,             -0.017,    0.026,      0.063,      pair,        4.752,         -0.031,               ,        0.014,     0.0228,      true,         0,       5/5,        8/9,            2,             0,       
   4,  0.00, -4.00,  0.00,   -1.50,  35,        20,    2,        ,      73.7,     0,     4.029,         4.272,   0.243,        ,       -0.060,        -0.303,      3.891,       -0.138,             ,            -0.156,             -0.018,    0.024,      0.067,      pair,        3.893,         -0.137,               ,        0.013,     0.0184,      true,         0,       5/5,        8/9,            2,             0,       
   5,  0.00, -4.00,  0.00,   -3.00,  35,        20,    1,        ,     103.9,     0,     4.803,         4.959,   0.156,        ,        0.013,        -0.144,      4.747,       -0.056,             ,            -0.044,              0.012,    0.037,      0.068,      pair,        4.743,         -0.060,               ,        0.020,     0.0315,      true,         0,       5/5,        8/9,            2,             0,       
   5,  0.00, -4.00,  0.00,   -3.00,  35,        20,    2,        ,      73.9,     0,     4.020,         4.286,   0.266,        ,       -0.064,        -0.331,      3.852,       -0.168,             ,            -0.162,              0.007,    0.043,      0.073,      pair,        3.883,         -0.137,               ,        0.022,     0.0326,      true,         0,       5/5,        8/9,            2,             0,       
   1,  0.00, -4.00,  0.00,    3.00,  60,        20,    1,        ,      65.3,     0,     3.705,         4.256,   0.551,        ,        0.138,        -0.415,      3.703,       -0.002,             ,            -0.005,             -0.003,    0.023,      0.074,      pair,        3.702,         -0.003,               ,        0.012,     0.0162,      true,         0,       5/5,        8/9,            2,             0,       
   1,  0.00, -4.00,  0.00,    3.00,  60,        20,    2,        ,     111.2,     0,     4.872,         4.853,  -0.019,        ,       -0.153,        -0.135,      4.711,       -0.161,             ,            -0.183,             -0.022,    0.017,      0.075,      pair,        4.715,         -0.157,               ,        0.009,     0.0150,      true,         0,       5/5,        8/9,            2,             0,       
   2,  0.00, -4.00,  0.00,    1.50,  60,        20,    1,        ,      65.1,     0,     3.705,         4.122,   0.417,        ,        0.072,        -0.345,      3.665,       -0.040,             ,            -0.046,             -0.005,    0.041,      0.069,      pair,        3.663,         -0.042,               ,        0.022,     0.0302,      true,         0,       5/5,        8/9,            2,             0,       
   2,  0.00, -4.00,  0.00,    1.50,  60,        20,    2,        ,     113.2,     0,     4.859,         4.877,   0.017,        ,       -0.112,        -0.130,      4.734,       -0.125,             ,            -0.154,             -0.029,    0.025,      0.070,      pair,        4.734,         -0.125,               ,        0.014,     0.0242,      true,         0,       5/5,        8/9,            2,             0,       
   3,  0.00, -4.00,  0.00,    0.00,  60,        20,    1,        ,      64.9,     0,     3.743,         4.184,   0.441,        ,        0.118,        -0.323,      3.728,       -0.015,             ,            -0.011,              0.004,    0.018,      0.067,      pair,        3.731,         -0.011,               ,        0.009,     0.0126,      true,         0,       4/5,        8/9,            2,             0,       
   3,  0.00, -4.00,  0.00,    0.00,  60,        20,    2,        ,     114.2,     0,     4.827,         4.841,   0.015,        ,       -0.087,        -0.101,      4.747,       -0.080,             ,            -0.111,             -0.031,    0.014,      0.067,      pair,        4.742,         -0.085,               ,        0.008,     0.0143,      true,         0,       4/5,        8/9,            2,             0,       
   4,  0.00, -4.00,  0.00,   -1.50,  60,        20,    1,        ,      64.6,     0,     3.824,         4.301,   0.477,        ,        0.106,        -0.371,      3.814,       -0.011,             ,            -0.041,             -0.030,    0.028,      0.069,      pair,        3.784,         -0.040,               ,        0.015,     0.0196,      true,         0,       4/5,        8/9,            2,             0,       
   4,  0.00, -4.00,  0.00,   -1.50,  60,        20,    2,        ,     113.7,     0,     4.798,         4.795,  -0.003,        ,       -0.096,        -0.093,      4.690,       -0.107,             ,            -0.119,             -0.012,    0.018,      0.069,      pair,        4.705,         -0.093,               ,        0.010,     0.0184,      true,         0,       4/5,        8/9,            2,             0,       
   5,  0.00, -4.00,  0.00,   -3.00,  60,        20,    1,        ,      63.2,     0,     3.908,         4.480,   0.572,        ,        0.147,        -0.429,      3.889,       -0.019,             ,            -0.018,              0.001,    0.022,      0.071,      pair,        3.884,         -0.024,               ,        0.013,     0.0168,      true,         0,       4/5,        8/9,            2,             0,       
   5,  0.00, -4.00,  0.00,   -3.00,  60,        20,    2,        ,     113.2,     0,     4.782,         4.801,   0.019,        ,       -0.128,        -0.147,      4.667,       -0.115,             ,            -0.135,             -0.020,    0.016,      0.070,      pair,        4.672,         -0.111,               ,        0.009,     0.0163,      true,         0,       4/5,        8/9,            2,             0,       
   1,  0.00, -4.00,  0.00,    3.00,  35,        50,    1,        ,     115.3,     0,    -2.400,        -3.725,  -1.325,        ,       -0.259,         1.068,     -2.332,        0.068,             ,             0.084,              0.016,    0.028,      0.064,      pair,             ,               ,               ,             ,           ,      true,         0,       4/5,        7/9,            2,             0,       
   1,  0.00, -4.00,  0.00,    3.00,  35,        50,    2,        ,     104.6,     0,    -1.735,        -3.456,  -1.721,        ,       -0.370,         1.353,     -1.829,       -0.094,             ,             0.055,              0.149,    0.034,      0.117,      pair,             ,               ,               ,             ,           ,      true,         0,       4/5,        7/9,            2,             0,       
   2,  0.00, -4.00,  0.00,    1.50,  35,        50,    1,        ,     116.4,     0,    -2.428,        -3.697,  -1.268,        ,       -0.383,         0.885,     -2.422,        0.006,             ,             0.009,              0.003,    0.020,      0.062,      pair,             ,               ,               ,             ,           ,      true,         1,       4/5,        8/9,            2,             0,       
   2,  0.00, -4.00,  0.00,    1.50,  35,        50,    2,        ,     105.1,     0,    -1.691,        -3.637,  -1.946,        ,       -0.453,         1.494,     -1.667,        0.024,             ,             0.112,              0.088,    0.022,      0.093,      pair,             ,               ,               ,             ,           ,      true,         1,       4/5,        8/9,            1,             1,       
   3,  0.00, -4.00,  0.00,    0.00,  35,        50,    1,        ,     117.5,     0,    -2.468,        -3.663,  -1.195,        ,       -0.401,         0.793,     -2.454,        0.015,             ,             0.026,              0.011,    0.011,      0.060,      pair,             ,               ,               ,             ,           ,      true,         0,       5/5,        8/9,            2,             0,       
   3,  0.00, -4.00,  0.00,    0.00,  35,        50,    2,        ,     104.2,     0,    -1.623,        -3.555,  -1.932,        ,       -0.543,         1.389,     -1.581,        0.042,             ,             0.089,              0.046,    0.018,      0.080,      pair,             ,               ,               ,             ,           ,      true,         0,       5/5,        8/9,            1,             1,       
   4,  0.00, -4.00,  0.00,   -1.50,  35,        50,    1,        ,     118.0,     0,    -2.514,        -3.754,  -1.239,        ,       -0.377,         0.863,     -2.488,        0.026,             ,             0.041,              0.015,    0.019,      0.063,      pair,             ,               ,               ,             ,           ,      true,         1,       5/5,        7/9,            2,             0,       
   4,  0.00, -4.00,  0.00,   -1.50,  35,        50,    2,        ,     103.3,     0,    -1.570,        -3.626,  -2.056,        ,       -0.453,         1.604,     -1.535,        0.035,             ,             0.067,              0.032,    0.026,      0.092,      pair,             ,               ,               ,             ,           ,      true,         1,       5/5,        7/9,            1,             1,       
   5,  0.00, -4.00,  0.00,   -3.00,  35,        50,    1,        ,     116.9,     0,    -2.524,        -3.801,  -1.277,        ,       -0.335,         0.944,     -2.498,        0.026,             ,             0.058,              0.032,    0.017,      0.068,      pair,             ,               ,               ,             ,           ,      true,         2,       5/5,        7/9,            2,             0,       
   5,  0.00, -4.00,  0.00,   -3.00,  35,        50,    2,        ,     102.3,     0,    -1.530,        -3.464,  -1.934,        ,       -0.286,         1.650,     -1.600,       -0.070,             ,             0.058,              0.127,    0.029,      0.110,      pair,             ,               ,               ,             ,           ,      true,         2,       5/5,        7/9,            1,             1,       
   1,  0.00, -4.00,  0.00,    3.00,  60,        50,    1,        ,      99.2,     0,    -1.243,        -3.318,  -2.075,        ,       -0.432,         1.646,     -1.257,       -0.014,             ,             0.003,              0.017,    0.038,      0.071,      pair,             ,               ,               ,             ,           ,      true,         3,       5/5,        7/9,            2,             1,       
   1,  0.00, -4.00,  0.00,    3.00,  60,        50,    2,        ,     119.7,     0,    -2.657,        -3.798,  -1.141,        ,       -0.251,         0.891,     -2.555,        0.102,             ,             0.146,              0.043,    0.027,      0.081,      pair,             ,               ,               ,             ,           ,      true,         3,       5/5,        7/9,            2,             0,       
   2,  0.00, -4.00,  0.00,    1.50,  60,        50,    1,        ,     100.2,     0,    -1.286,        -3.427,  -2.141,        ,       -0.452,         1.691,     -1.301,       -0.014,             ,             0.021,              0.036,    0.028,      0.067,      pair,             ,               ,               ,             ,           ,      true,         1,       5/5,        7/9,            1,             1,       
   2,  0.00, -4.00,  0.00,    1.50,  60,        50,    2,        ,     120.8,     0,    -2.649,        -3.857,  -1.208,        ,       -0.378,         0.831,     -2.543,        0.106,             ,             0.150,              0.044,    0.014,      0.072,      pair,             ,               ,               ,             ,           ,      true,         1,       5/5,        7/9,            2,             0,       
   3,  0.00, -4.00,  0.00,    0.00,  60,        50,    1,        ,     101.1,     0,    -1.341,        -3.552,  -2.210,        ,       -0.647,         1.563,     -1.298,        0.043,             ,             0.028,             -0.016,    0.038,      0.065,      pair,             ,               ,               ,             ,           ,      true,         0,       4/5,        7/9,            1,             1,       
   3,  0.00, -4.00,  0.00,    0.00,  60,        50,    2,        ,     120.6,     0,    -2.611,        -3.663,  -1.052,        ,       -0.275,         0.777,     -2.506,        0.105,             ,             0.130,              0.024,    0.019,      0.071,      pair,             ,               ,               ,             ,           ,      true,         0,       4/5,        7/9,            2,             0,       
   4,  0.00, -4.00,  0.00,   -1.50,  60,        50,    1,        ,     102.0,     0,    -1.411,        -3.487,  -2.077,        ,       -0.532,         1.546,     -1.412,       -0.001,             ,             0.042,              0.043,    0.018,      0.072,      pair,             ,               ,               ,             ,           ,      true,         1,       4/5,        7/9,            1,             1,       
   4,  0.00, -4.00,  0.00,   -1.50,  60,        50,    2,        ,     119.5,     0,    -2.576,        -3.745,  -1.169,        ,       -0.263,         0.906,     -2.470,        0.106,             ,             0.151,              0.045,    0.015,      0.072,      pair,             ,               ,               ,             ,           ,      true,         1,       4/5,        7/9,            2,             0,       
   5,  0.00, -4.00,  0.00,   -3.00,  60,        50,    1,        ,     101.9,     0,    -1.464,        -3.280,  -1.817,        ,       -0.467,         1.353,     -1.433,        0.031,             ,             0.055,              0.023,    0.019,      0.077,      pair,             ,               ,               ,             ,           ,      true,         1,       4/5,        7/9,            1,             1,       
   5,  0.00, -4.00,  0.00,   -3.00,  60,        50,    2,        ,     118.3,     0,    -2.550,        -3.674,  -1.123,        ,       -0.109,         1.015,     -2.445,        0.106,             ,             0.144,              0.038,    0.021,      0.077,      pair,             ,               ,               ,             ,           ,      true,         1,       4/5,        7/9,            2,             0,       

results/stack-2b-turn/pairs/gap-sweep.csv, gap-sweep.json, gap-grid.txt, overlays/
