chromium 154.0.8037.99 against node 12.4.254.21-node.56, differing of 200000:
  len2 own 0
  len2 engine 0
  atan2 own 0
  atan2 engine 35161
  asin own 0
  asin engine 11670
  acos own 0
  acos engine 15227
  sin own 0
  sin engine 6531
  cos own 0
  cos engine 6593
  tan own 0
  tan engine 7024
  log own 0
  log engine 1684
firefox 144.0.2 against node 12.4.254.21-node.56, differing of 200000:
  len2 own 0
  len2 engine 74273
  atan2 own 0
  atan2 engine 320
  asin own 0
  asin engine 2757
  acos own 0
  acos engine 1135
  sin own 0
  sin engine 2834
  cos own 0
  cos engine 2750
  tan own 0
  tan engine 2248
  log own 0
  log engine 135
